[START] 2026-06-12 09:57:48
[INFO] host=dhler2u03-fat
[INFO] repo_dir=/mnt/beegfs/2a/mb12724/franc/small-language-modelling
[INFO] run_script=/mnt/beegfs/2a/mb12724/franc/small-language-modelling/SLM/main.py
[INFO] output_dir=/mnt/beegfs/2a/mb12724/franc/small-language-modelling/data/slm_MAMBA_uniform_L3_v1/rhm_mamba_P_65536_seed_rules_1_seed_sample_1_seed_model_1
[INFO] dataset=rhm online=true model=mamba
[INFO] train_size=65536 val_size=32768 max_steps=100000
[INFO] batch_size=256 eval_batch_size=1024
[INFO] RHM: v=8 n=8 m=3 s=3 L=3
[INFO] Mamba architecture: depth=6 d_embedding=256 d_state=16 d_conv=4 expand=2
[INFO] num_validations=100 num_weight_saves=100
[INFO] compute_rhm_diagnostics=true
[INFO] python=/home/2a/mb12724/miniconda3/envs/rhm/bin/python
Python 3.10.20
Fri Jun 12 09:57:48 2026       
+-----------------------------------------------------------------------------+
| NVIDIA-SMI 470.57.02    Driver Version: 470.57.02    CUDA Version: 11.4     |
|-------------------------------+----------------------+----------------------+
| GPU  Name        Persistence-M| Bus-Id        Disp.A | Volatile Uncorr. ECC |
| Fan  Temp  Perf  Pwr:Usage/Cap|         Memory-Usage | GPU-Util  Compute M. |
|                               |                      |               MIG M. |
|===============================+======================+======================|
|   0  Tesla V100-SXM2...  On   | 00000000:3B:00.0 Off |                    0 |
| N/A   31C    P0    40W / 300W |     15MiB / 32510MiB |      0%      Default |
|                               |                      |                  N/A |
+-------------------------------+----------------------+----------------------+
                                                                               
+-----------------------------------------------------------------------------+
| Processes:                                                                  |
|  GPU   GI   CI        PID   Type   Process name                  GPU Memory |
|        ID   ID                                                   Usage      |
|=============================================================================|
|    0   N/A  N/A      2351      G   /usr/libexec/Xorg                  14MiB |
+-----------------------------------------------------------------------------+
torch = 2.3.1+cu118
cuda runtime = 11.8
cuda available = True
gpu = Tesla V100-SXM2-32GB
Mamba backend = pure-PyTorch fallback
WARNING: mamba-ssm is not installed; training can be substantially slower.
[CMD] python -u /mnt/beegfs/2a/mb12724/franc/small-language-modelling/SLM/main.py --device cuda --dataset rhm --path /mnt/beegfs/2a/mb12724/franc/small-language-modelling/SLM/datasets --model mamba --train_size 65536 --val_size 32768 --batch_size 256 --eval_batch_size 1024 --eval_train_size 16384 --eval_val_size 16384 --max_steps 100000 --lr 0.001 --scheduler cosine --warmup_time 100 --decay_time 100000 --decay_factor 0.1 --dropout 0.0 --l2 0.0 --print_freq 100 --num_validations 100 --num_weight_saves 100 --save_freq 1000 --depth 6 --d_embedding 256 --d_state 16 --d_conv 4 --mamba_expand 2 --n_heads 8 --ffwd_size 4 --seed_model 1 --data_root /mnt/beegfs/2a/mb12724/franc/small-language-modelling/data --run_name slm_MAMBA_uniform_L3_v1 --output_dir /mnt/beegfs/2a/mb12724/franc/small-language-modelling/data/slm_MAMBA_uniform_L3_v1/rhm_mamba_P_65536_seed_rules_1_seed_sample_1_seed_model_1 --online --measure_train --save_run_data --num_features 8 --num_classes 8 --num_synonyms 3 --tuple_size 3 --num_layers 3 --seed_rules 1 --seed_sample 1 --input_format long --compute_rhm_diagnostics --rhm_margins_max_train_samples 16384 --rhm_margins_max_val_samples 16384 --rhm_margins_batch_size 256 
================================================================================
dataset=rhm model=mamba online=True
output_dir=/mnt/beegfs/2a/mb12724/franc/small-language-modelling/data/slm_MAMBA_uniform_L3_v1/rhm_mamba_P_65536_seed_rules_1_seed_sample_1_seed_model_1
RHM v=8 n=8 m=3 s=3 L=3 d=27
architecture depth=6 d_embedding=256 n_heads=n/a
log saves: validations=100, weights=100; RHM diagnostics=True
================================================================================
RHM: v=8, n=8, m=3, s=3, L=3, d=27, online=True
Training for 100000 optimizer steps
# parameters: 2632448
[INFO] output_dir=/mnt/beegfs/2a/mb12724/franc/small-language-modelling/data/slm_MAMBA_uniform_L3_v1/rhm_mamba_P_65536_seed_rules_1_seed_sample_1_seed_model_1
[INFO] validation steps=[1, 2, 3, 4, 5, 6, 7, 8, 9, 10, 11, 12, 13, 14, 15, 16, 17, 18, 19, 20, 21, 22, 23, 24, 25, 26, 27, 28, 29, 30, 33, 37, 41, 46, 52, 59, 66, 74, 83, 93, 105, 118, 132, 148, 167, 187, 210, 236, 266, 298, 335, 376, 423, 475, 534, 599, 673, 756, 850, 955, 1072, 1205, 1353, 1520, 1707, 1918, 2154, 2420, 2719, 3054, 3430, 3854, 4329, 4863, 5462, 6136, 6893, 7743, 8697, 9770, 10975, 12328, 13849, 15557, 17475, 19630, 22051, 24771, 27826, 31257, 35112, 39442, 44306, 49770, 55908, 62803, 70548, 79248, 89022, 100000]
[INFO] weight checkpoint steps=[1, 2, 3, 4, 5, 6, 7, 8, 9, 10, 11, 12, 13, 14, 15, 16, 17, 18, 19, 20, 21, 22, 23, 24, 25, 26, 27, 28, 29, 30, 33, 37, 41, 46, 52, 59, 66, 74, 83, 93, 105, 118, 132, 148, 167, 187, 210, 236, 266, 298, 335, 376, 423, 475, 534, 599, 673, 756, 850, 955, 1072, 1205, 1353, 1520, 1707, 1918, 2154, 2420, 2719, 3054, 3430, 3854, 4329, 4863, 5462, 6136, 6893, 7743, 8697, 9770, 10975, 12328, 13849, 15557, 17475, 19630, 22051, 24771, 27826, 31257, 35112, 39442, 44306, 49770, 55908, 62803, 70548, 79248, 89022, 100000]
[INFO] RHM diagnostics=True; online=True; dataset=rhm; model=mamba
