[START] 2026-06-11 11:20:43
[INFO] host=dhler3u02-fat
[INFO] repo_dir=/mnt/beegfs/2a/mb12724/franc/small-language-modelling
[INFO] run_script=/mnt/beegfs/2a/mb12724/franc/small-language-modelling/SLM/main.py
[INFO] output_dir=/mnt/beegfs/2a/mb12724/franc/small-language-modelling/data/slm_uniform_L5_v1/rhm_gpt2_P_65536_seed_rules_1_seed_sample_1_seed_model_1
[INFO] dataset=rhm online=true model=gpt2
[INFO] train_size=65536 val_size=32768 max_steps=100000
[INFO] batch_size=256 eval_batch_size=1024
[INFO] RHM: v=8 n=8 m=5 s=3 L=5
[INFO] architecture: depth=10 d_embedding=256 n_heads=8
[INFO] num_validations=100 num_weight_saves=100
[INFO] compute_rhm_diagnostics=true
[INFO] python=/home/2a/mb12724/miniconda3/envs/rhm/bin/python
Python 3.10.20
Thu Jun 11 11:20:43 2026       
+-----------------------------------------------------------------------------+
| NVIDIA-SMI 470.57.02    Driver Version: 470.57.02    CUDA Version: 11.4     |
|-------------------------------+----------------------+----------------------+
| GPU  Name        Persistence-M| Bus-Id        Disp.A | Volatile Uncorr. ECC |
| Fan  Temp  Perf  Pwr:Usage/Cap|         Memory-Usage | GPU-Util  Compute M. |
|                               |                      |               MIG M. |
|===============================+======================+======================|
|   0  Tesla V100-SXM2...  On   | 00000000:3B:00.0 Off |                    0 |
| N/A   31C    P0    40W / 300W |     15MiB / 32510MiB |      0%      Default |
|                               |                      |                  N/A |
+-------------------------------+----------------------+----------------------+
                                                                               
+-----------------------------------------------------------------------------+
| Processes:                                                                  |
|  GPU   GI   CI        PID   Type   Process name                  GPU Memory |
|        ID   ID                                                   Usage      |
|=============================================================================|
|    0   N/A  N/A      2341      G   /usr/libexec/Xorg                  14MiB |
+-----------------------------------------------------------------------------+
torch = 2.3.1+cu118
cuda runtime = 11.8
cuda available = True
gpu = Tesla V100-SXM2-32GB
[CMD] python -u /mnt/beegfs/2a/mb12724/franc/small-language-modelling/SLM/main.py --device cuda --dataset rhm --path /mnt/beegfs/2a/mb12724/franc/small-language-modelling/SLM/datasets --model gpt2 --train_size 65536 --val_size 32768 --batch_size 256 --eval_batch_size 1024 --eval_train_size 16384 --eval_val_size 16384 --max_steps 100000 --lr 0.001 --scheduler cosine --warmup_time 100 --decay_time 100000 --decay_factor 0.1 --dropout 0.0 --l2 0.0 --print_freq 100 --num_validations 100 --num_weight_saves 100 --save_freq 1000 --depth 10 --d_embedding 256 --n_heads 8 --ffwd_size 4 --d_state 16 --d_conv 4 --mamba_expand 2 --seed_model 1 --data_root /mnt/beegfs/2a/mb12724/franc/small-language-modelling/data --run_name slm_uniform_L5_v1 --output_dir /mnt/beegfs/2a/mb12724/franc/small-language-modelling/data/slm_uniform_L5_v1/rhm_gpt2_P_65536_seed_rules_1_seed_sample_1_seed_model_1 --online --measure_train --save_run_data --num_features 8 --num_classes 8 --num_synonyms 5 --tuple_size 3 --num_layers 5 --seed_rules 1 --seed_sample 1 --input_format long --compute_rhm_diagnostics --rhm_margins_max_train_samples 16384 --rhm_margins_max_val_samples 16384 --rhm_margins_batch_size 256 
================================================================================
dataset=rhm model=gpt2 online=True
output_dir=/mnt/beegfs/2a/mb12724/franc/small-language-modelling/data/slm_uniform_L5_v1/rhm_gpt2_P_65536_seed_rules_1_seed_sample_1_seed_model_1
RHM v=8 n=8 m=5 s=3 L=5 d=243
architecture depth=10 d_embedding=256 n_heads=8
log saves: validations=100, weights=100; RHM diagnostics=True
================================================================================
RHM: v=8, n=8, m=5, s=3, L=5, d=243, online=True
Training for 100000 optimizer steps
# parameters: 7953928
[INFO] output_dir=/mnt/beegfs/2a/mb12724/franc/small-language-modelling/data/slm_uniform_L5_v1/rhm_gpt2_P_65536_seed_rules_1_seed_sample_1_seed_model_1
[INFO] validation steps=[1, 2, 3, 4, 5, 6, 7, 8, 9, 10, 11, 12, 13, 14, 15, 16, 17, 18, 19, 20, 21, 22, 23, 24, 25, 26, 27, 28, 29, 30, 33, 37, 41, 46, 52, 59, 66, 74, 83, 93, 105, 118, 132, 148, 167, 187, 210, 236, 266, 298, 335, 376, 423, 475, 534, 599, 673, 756, 850, 955, 1072, 1205, 1353, 1520, 1707, 1918, 2154, 2420, 2719, 3054, 3430, 3854, 4329, 4863, 5462, 6136, 6893, 7743, 8697, 9770, 10975, 12328, 13849, 15557, 17475, 19630, 22051, 24771, 27826, 31257, 35112, 39442, 44306, 49770, 55908, 62803, 70548, 79248, 89022, 100000]
[INFO] weight checkpoint steps=[1, 2, 3, 4, 5, 6, 7, 8, 9, 10, 11, 12, 13, 14, 15, 16, 17, 18, 19, 20, 21, 22, 23, 24, 25, 26, 27, 28, 29, 30, 33, 37, 41, 46, 52, 59, 66, 74, 83, 93, 105, 118, 132, 148, 167, 187, 210, 236, 266, 298, 335, 376, 423, 475, 534, 599, 673, 756, 850, 955, 1072, 1205, 1353, 1520, 1707, 1918, 2154, 2420, 2719, 3054, 3430, 3854, 4329, 4863, 5462, 6136, 6893, 7743, 8697, 9770, 10975, 12328, 13849, 15557, 17475, 19630, 22051, 24771, 27826, 31257, 35112, 39442, 44306, 49770, 55908, 62803, 70548, 79248, 89022, 100000]
[INFO] RHM diagnostics=True; online=True; dataset=rhm; model=gpt2
[RHM] step=0 train_peeled_loss_l=[1.29408, 0.68134, 0.56594, 0.51114, 0.47667] val_peeled_loss_l=[1.29429, 0.68126, 0.56517, 0.51169, 0.47474]
[RHM] step=0 train_Mpos_l=[0.21326, 0.58941, 0.71304, 0.75541, 0.78108] val_Mpos_l=[0.21307, 0.58980, 0.71284, 0.75356, 0.78455] train_valid_l=[0.66942, 0.39568, 0.18593, 0.06728, 0.02249] val_valid_l=[0.66942, 0.39534, 0.18606, 0.06747, 0.02276]
[VALID] step=0 epoch=0.0000 running=2.079442 train_loss=2.174880 val_loss=2.174912 val_acc=0.124551 log_specnorm=159.406333
[TRAIN] step=1/100000 epoch=0.0039 loss=2.172231 dt=528.05ms
[CHECKPOINT] saved /mnt/beegfs/2a/mb12724/franc/small-language-modelling/data/slm_uniform_L5_v1/rhm_gpt2_P_65536_seed_rules_1_seed_sample_1_seed_model_1/checkpoints/checkpoint_step_1.pt
[RHM] step=1 train_peeled_loss_l=[1.29408, 0.68134, 0.56594, 0.51114, 0.47667] val_peeled_loss_l=[1.29429, 0.68126, 0.56517, 0.51169, 0.47474]
[RHM] step=1 train_Mpos_l=[0.21326, 0.58941, 0.71304, 0.75541, 0.78108] val_Mpos_l=[0.21307, 0.58980, 0.71284, 0.75356, 0.78455] train_valid_l=[0.66942, 0.39568, 0.18593, 0.06728, 0.02249] val_valid_l=[0.66942, 0.39534, 0.18606, 0.06747, 0.02276]
[VALID] step=1 epoch=0.0039 running=2.172231 train_loss=2.174880 val_loss=2.174912 val_acc=0.124551 log_specnorm=159.406333
[CHECKPOINT] saved /mnt/beegfs/2a/mb12724/franc/small-language-modelling/data/slm_uniform_L5_v1/rhm_gpt2_P_65536_seed_rules_1_seed_sample_1_seed_model_1/checkpoints/checkpoint_step_2.pt
[RHM] step=2 train_peeled_loss_l=[1.27700, 0.67639, 0.56588, 0.50989, 0.47570] val_peeled_loss_l=[1.27714, 0.67637, 0.56516, 0.51033, 0.47381]
[RHM] step=2 train_Mpos_l=[0.22982, 0.59403, 0.71112, 0.75485, 0.78060] val_Mpos_l=[0.22950, 0.59443, 0.71077, 0.75358, 0.78431] train_valid_l=[0.66942, 0.39568, 0.18593, 0.06728, 0.02249] val_valid_l=[0.66942, 0.39534, 0.18606, 0.06747, 0.02276]
[VALID] step=2 epoch=0.0078 running=2.176109 train_loss=2.156399 val_loss=2.156427 val_acc=0.129522 log_specnorm=159.406342
[CHECKPOINT] saved /mnt/beegfs/2a/mb12724/franc/small-language-modelling/data/slm_uniform_L5_v1/rhm_gpt2_P_65536_seed_rules_1_seed_sample_1_seed_model_1/checkpoints/checkpoint_step_3.pt
[RHM] step=3 train_peeled_loss_l=[1.24695, 0.67004, 0.56842, 0.50986, 0.47626] val_peeled_loss_l=[1.24696, 0.67015, 0.56779, 0.51009, 0.47443]
[RHM] step=3 train_Mpos_l=[0.25959, 0.60083, 0.70739, 0.75486, 0.78123] val_Mpos_l=[0.25928, 0.60115, 0.70749, 0.75399, 0.78341] train_valid_l=[0.66942, 0.39568, 0.18593, 0.06728, 0.02249] val_valid_l=[0.66942, 0.39534, 0.18606, 0.06747, 0.02276]
[VALID] step=3 epoch=0.0117 running=2.153286 train_loss=2.127933 val_loss=2.127955 val_acc=0.139729 log_specnorm=159.406384
[CHECKPOINT] saved /mnt/beegfs/2a/mb12724/franc/small-language-modelling/data/slm_uniform_L5_v1/rhm_gpt2_P_65536_seed_rules_1_seed_sample_1_seed_model_1/checkpoints/checkpoint_step_4.pt
[RHM] step=4 train_peeled_loss_l=[1.21275, 0.66746, 0.57741, 0.51478, 0.48199] val_peeled_loss_l=[1.21257, 0.66773, 0.57689, 0.51481, 0.48025]
[RHM] step=4 train_Mpos_l=[0.29295, 0.60473, 0.70098, 0.75164, 0.77692] val_Mpos_l=[0.29312, 0.60455, 0.70105, 0.75148, 0.77805] train_valid_l=[0.66942, 0.39568, 0.18593, 0.06728, 0.02249] val_valid_l=[0.66942, 0.39534, 0.18606, 0.06747, 0.02276]
[VALID] step=4 epoch=0.0156 running=2.127642 train_loss=2.104428 val_loss=2.104439 val_acc=0.152735 log_specnorm=159.406502
[CHECKPOINT] saved /mnt/beegfs/2a/mb12724/franc/small-language-modelling/data/slm_uniform_L5_v1/rhm_gpt2_P_65536_seed_rules_1_seed_sample_1_seed_model_1/checkpoints/checkpoint_step_5.pt
[RHM] step=5 train_peeled_loss_l=[1.18406, 0.67089, 0.59312, 0.52510, 0.49329] val_peeled_loss_l=[1.18371, 0.67133, 0.59272, 0.52501, 0.49166]
[RHM] step=5 train_Mpos_l=[0.32364, 0.60398, 0.69005, 0.74556, 0.77097] val_Mpos_l=[0.32434, 0.60384, 0.69051, 0.74627, 0.77161] train_valid_l=[0.66942, 0.39568, 0.18593, 0.06728, 0.02249] val_valid_l=[0.66942, 0.39534, 0.18606, 0.06747, 0.02276]
[VALID] step=5 epoch=0.0195 running=2.104636 train_loss=2.096579 val_loss=2.096565 val_acc=0.165645 log_specnorm=159.406694
[CHECKPOINT] saved /mnt/beegfs/2a/mb12724/franc/small-language-modelling/data/slm_uniform_L5_v1/rhm_gpt2_P_65536_seed_rules_1_seed_sample_1_seed_model_1/checkpoints/checkpoint_step_6.pt
[RHM] step=6 train_peeled_loss_l=[1.16404, 0.67443, 0.60812, 0.53474, 0.50367] val_peeled_loss_l=[1.16357, 0.67501, 0.60781, 0.53465, 0.50204]
[RHM] step=6 train_Mpos_l=[0.35074, 0.60919, 0.68023, 0.74026, 0.76561] val_Mpos_l=[0.35157, 0.60847, 0.68014, 0.74043, 0.76573] train_valid_l=[0.66942, 0.39568, 0.18593, 0.06728, 0.02249] val_valid_l=[0.66942, 0.39534, 0.18606, 0.06747, 0.02276]
[VALID] step=6 epoch=0.0234 running=2.098317 train_loss=2.096932 val_loss=2.096874 val_acc=0.179435 log_specnorm=159.406889
[CHECKPOINT] saved /mnt/beegfs/2a/mb12724/franc/small-language-modelling/data/slm_uniform_L5_v1/rhm_gpt2_P_65536_seed_rules_1_seed_sample_1_seed_model_1/checkpoints/checkpoint_step_7.pt
[RHM] step=7 train_peeled_loss_l=[1.14766, 0.67319, 0.61557, 0.53836, 0.50768] val_peeled_loss_l=[1.14715, 0.67382, 0.61531, 0.53832, 0.50593]
[RHM] step=7 train_Mpos_l=[0.37318, 0.61764, 0.67339, 0.73582, 0.76238] val_Mpos_l=[0.37393, 0.61687, 0.67347, 0.73594, 0.76348] train_valid_l=[0.66942, 0.39568, 0.18593, 0.06728, 0.02249] val_valid_l=[0.66942, 0.39534, 0.18606, 0.06747, 0.02276]
[VALID] step=7 epoch=0.0273 running=2.092841 train_loss=2.090970 val_loss=2.090862 val_acc=0.192886 log_specnorm=159.407037
[CHECKPOINT] saved /mnt/beegfs/2a/mb12724/franc/small-language-modelling/data/slm_uniform_L5_v1/rhm_gpt2_P_65536_seed_rules_1_seed_sample_1_seed_model_1/checkpoints/checkpoint_step_8.pt
[RHM] step=8 train_peeled_loss_l=[1.12863, 0.66736, 0.61281, 0.53482, 0.50428] val_peeled_loss_l=[1.12815, 0.66798, 0.61253, 0.53488, 0.50224]
[RHM] step=8 train_Mpos_l=[0.38712, 0.62425, 0.67269, 0.73559, 0.76674] val_Mpos_l=[0.38789, 0.62350, 0.67297, 0.73519, 0.76772] train_valid_l=[0.66942, 0.39568, 0.18593, 0.06728, 0.02249] val_valid_l=[0.66942, 0.39534, 0.18606, 0.06747, 0.02276]
[VALID] step=8 epoch=0.0312 running=2.088952 train_loss=2.070410 val_loss=2.070280 val_acc=0.204860 log_specnorm=159.407107
[CHECKPOINT] saved /mnt/beegfs/2a/mb12724/franc/small-language-modelling/data/slm_uniform_L5_v1/rhm_gpt2_P_65536_seed_rules_1_seed_sample_1_seed_model_1/checkpoints/checkpoint_step_9.pt
[RHM] step=9 train_peeled_loss_l=[1.10580, 0.65963, 0.60167, 0.52586, 0.49551] val_peeled_loss_l=[1.10539, 0.66019, 0.60134, 0.52605, 0.49314]
[RHM] step=9 train_Mpos_l=[0.39147, 0.62619, 0.68089, 0.74240, 0.77759] val_Mpos_l=[0.39225, 0.62559, 0.68102, 0.74285, 0.77753] train_valid_l=[0.66942, 0.39568, 0.18593, 0.06728, 0.02249] val_valid_l=[0.66942, 0.39534, 0.18606, 0.06747, 0.02276]
[VALID] step=9 epoch=0.0352 running=2.072268 train_loss=2.038426 val_loss=2.038307 val_acc=0.219450 log_specnorm=159.407141
[CHECKPOINT] saved /mnt/beegfs/2a/mb12724/franc/small-language-modelling/data/slm_uniform_L5_v1/rhm_gpt2_P_65536_seed_rules_1_seed_sample_1_seed_model_1/checkpoints/checkpoint_step_10.pt
[RHM] step=10 train_peeled_loss_l=[1.08323, 0.65313, 0.58700, 0.51508, 0.48501] val_peeled_loss_l=[1.08292, 0.65358, 0.58658, 0.51541, 0.48233]
[RHM] step=10 train_Mpos_l=[0.38739, 0.62351, 0.69385, 0.75157, 0.78630] val_Mpos_l=[0.38802, 0.62305, 0.69433, 0.75246, 0.78613] train_valid_l=[0.66942, 0.39568, 0.18593, 0.06728, 0.02249] val_valid_l=[0.66942, 0.39534, 0.18606, 0.06747, 0.02276]
[VALID] step=10 epoch=0.0391 running=2.041096 train_loss=2.006614 val_loss=2.006534 val_acc=0.236504 log_specnorm=159.407216
[CHECKPOINT] saved /mnt/beegfs/2a/mb12724/franc/small-language-modelling/data/slm_uniform_L5_v1/rhm_gpt2_P_65536_seed_rules_1_seed_sample_1_seed_model_1/checkpoints/checkpoint_step_11.pt
[RHM] step=11 train_peeled_loss_l=[1.06610, 0.64947, 0.57381, 0.50583, 0.47606] val_peeled_loss_l=[1.06590, 0.64981, 0.57331, 0.50628, 0.47316]
[RHM] step=11 train_Mpos_l=[0.37976, 0.62023, 0.70226, 0.76103, 0.79207] val_Mpos_l=[0.38039, 0.62016, 0.70266, 0.76199, 0.79259] train_valid_l=[0.66942, 0.39568, 0.18593, 0.06728, 0.02249] val_valid_l=[0.66942, 0.39534, 0.18606, 0.06747, 0.02276]
[VALID] step=11 epoch=0.0430 running=2.007919 train_loss=1.985905 val_loss=1.985875 val_acc=0.245428 log_specnorm=159.407407
[CHECKPOINT] saved /mnt/beegfs/2a/mb12724/franc/small-language-modelling/data/slm_uniform_L5_v1/rhm_gpt2_P_65536_seed_rules_1_seed_sample_1_seed_model_1/checkpoints/checkpoint_step_12.pt
[RHM] step=12 train_peeled_loss_l=[1.05385, 0.64796, 0.56484, 0.49968, 0.47021] val_peeled_loss_l=[1.05376, 0.64822, 0.56428, 0.50019, 0.46718]
[RHM] step=12 train_Mpos_l=[0.37226, 0.61793, 0.70996, 0.76958, 0.79503] val_Mpos_l=[0.37293, 0.61794, 0.71076, 0.76980, 0.79782] train_valid_l=[0.66942, 0.39568, 0.18593, 0.06728, 0.02249] val_valid_l=[0.66942, 0.39534, 0.18606, 0.06747, 0.02276]
[VALID] step=12 epoch=0.0469 running=1.985567 train_loss=1.977268 val_loss=1.977288 val_acc=0.249820 log_specnorm=159.407766
[CHECKPOINT] saved /mnt/beegfs/2a/mb12724/franc/small-language-modelling/data/slm_uniform_L5_v1/rhm_gpt2_P_65536_seed_rules_1_seed_sample_1_seed_model_1/checkpoints/checkpoint_step_13.pt
[RHM] step=13 train_peeled_loss_l=[1.04238, 0.64585, 0.56008, 0.49616, 0.46700] val_peeled_loss_l=[1.04236, 0.64605, 0.55951, 0.49665, 0.46391]
[RHM] step=13 train_Mpos_l=[0.37245, 0.61869, 0.71555, 0.77709, 0.79872] val_Mpos_l=[0.37324, 0.61873, 0.71612, 0.77642, 0.80145] train_valid_l=[0.66942, 0.39568, 0.18593, 0.06728, 0.02249] val_valid_l=[0.66942, 0.39534, 0.18606, 0.06747, 0.02276]
[VALID] step=13 epoch=0.0508 running=1.978964 train_loss=1.973310 val_loss=1.973366 val_acc=0.252975 log_specnorm=159.408324
[CHECKPOINT] saved /mnt/beegfs/2a/mb12724/franc/small-language-modelling/data/slm_uniform_L5_v1/rhm_gpt2_P_65536_seed_rules_1_seed_sample_1_seed_model_1/checkpoints/checkpoint_step_14.pt
[RHM] step=14 train_peeled_loss_l=[1.02675, 0.64201, 0.55888, 0.49470, 0.46594] val_peeled_loss_l=[1.02675, 0.64222, 0.55836, 0.49512, 0.46278]
[RHM] step=14 train_Mpos_l=[0.37789, 0.61999, 0.71791, 0.77656, 0.80011] val_Mpos_l=[0.37849, 0.61982, 0.71827, 0.77593, 0.80197] train_valid_l=[0.66942, 0.39568, 0.18593, 0.06728, 0.02249] val_valid_l=[0.66942, 0.39534, 0.18606, 0.06747, 0.02276]
[VALID] step=14 epoch=0.0547 running=1.972761 train_loss=1.966721 val_loss=1.966795 val_acc=0.256009 log_specnorm=159.409122
[CHECKPOINT] saved /mnt/beegfs/2a/mb12724/franc/small-language-modelling/data/slm_uniform_L5_v1/rhm_gpt2_P_65536_seed_rules_1_seed_sample_1_seed_model_1/checkpoints/checkpoint_step_15.pt
[RHM] step=15 train_peeled_loss_l=[1.00448, 0.63834, 0.56112, 0.49566, 0.46727] val_peeled_loss_l=[1.00447, 0.63862, 0.56066, 0.49601, 0.46395]
[RHM] step=15 train_Mpos_l=[0.38674, 0.62252, 0.71514, 0.77037, 0.79617] val_Mpos_l=[0.38731, 0.62244, 0.71533, 0.76944, 0.79701] train_valid_l=[0.66942, 0.39568, 0.18593, 0.06728, 0.02249] val_valid_l=[0.66942, 0.39534, 0.18606, 0.06747, 0.02276]
[VALID] step=15 epoch=0.0586 running=1.965866 train_loss=1.955070 val_loss=1.955149 val_acc=0.259426 log_specnorm=159.410209
[CHECKPOINT] saved /mnt/beegfs/2a/mb12724/franc/small-language-modelling/data/slm_uniform_L5_v1/rhm_gpt2_P_65536_seed_rules_1_seed_sample_1_seed_model_1/checkpoints/checkpoint_step_16.pt
[RHM] step=16 train_peeled_loss_l=[0.97670, 0.63670, 0.56659, 0.49915, 0.47114] val_peeled_loss_l=[0.97663, 0.63708, 0.56620, 0.49948, 0.46755]
[RHM] step=16 train_Mpos_l=[0.39929, 0.63139, 0.70713, 0.76264, 0.78509] val_Mpos_l=[0.39976, 0.63124, 0.70702, 0.76181, 0.78695] train_valid_l=[0.66942, 0.39568, 0.18593, 0.06728, 0.02249] val_valid_l=[0.66942, 0.39534, 0.18606, 0.06747, 0.02276]
[VALID] step=16 epoch=0.0625 running=1.953642 train_loss=1.939804 val_loss=1.939871 val_acc=0.264068 log_specnorm=159.411629
[CHECKPOINT] saved /mnt/beegfs/2a/mb12724/franc/small-language-modelling/data/slm_uniform_L5_v1/rhm_gpt2_P_65536_seed_rules_1_seed_sample_1_seed_model_1/checkpoints/checkpoint_step_17.pt
[RHM] step=17 train_peeled_loss_l=[0.94747, 0.63829, 0.57528, 0.50523, 0.47769] val_peeled_loss_l=[0.94733, 0.63877, 0.57495, 0.50562, 0.47380]
[RHM] step=17 train_Mpos_l=[0.42569, 0.64165, 0.69420, 0.75339, 0.77193] val_Mpos_l=[0.42617, 0.64137, 0.69414, 0.75203, 0.77460] train_valid_l=[0.66942, 0.39568, 0.18593, 0.06728, 0.02249] val_valid_l=[0.66942, 0.39534, 0.18606, 0.06747, 0.02276]
[VALID] step=17 epoch=0.0664 running=1.940405 train_loss=1.926512 val_loss=1.926549 val_acc=0.268924 log_specnorm=159.413380
[CHECKPOINT] saved /mnt/beegfs/2a/mb12724/franc/small-language-modelling/data/slm_uniform_L5_v1/rhm_gpt2_P_65536_seed_rules_1_seed_sample_1_seed_model_1/checkpoints/checkpoint_step_18.pt
[RHM] step=18 train_peeled_loss_l=[0.92285, 0.64210, 0.58547, 0.51230, 0.48526] val_peeled_loss_l=[0.92264, 0.64264, 0.58517, 0.51280, 0.48120]
[RHM] step=18 train_Mpos_l=[0.45723, 0.64984, 0.68364, 0.74550, 0.76106] val_Mpos_l=[0.45744, 0.64987, 0.68351, 0.74494, 0.76453] train_valid_l=[0.66942, 0.39568, 0.18593, 0.06728, 0.02249] val_valid_l=[0.66942, 0.39534, 0.18606, 0.06747, 0.02276]
[VALID] step=18 epoch=0.0703 running=1.927723 train_loss=1.920494 val_loss=1.920482 val_acc=0.272840 log_specnorm=159.415418
[CHECKPOINT] saved /mnt/beegfs/2a/mb12724/franc/small-language-modelling/data/slm_uniform_L5_v1/rhm_gpt2_P_65536_seed_rules_1_seed_sample_1_seed_model_1/checkpoints/checkpoint_step_19.pt
[RHM] step=19 train_peeled_loss_l=[0.90414, 0.64680, 0.59526, 0.51892, 0.49232] val_peeled_loss_l=[0.90388, 0.64734, 0.59493, 0.51955, 0.48820]
[RHM] step=19 train_Mpos_l=[0.48059, 0.64794, 0.67422, 0.73867, 0.75158] val_Mpos_l=[0.48061, 0.64821, 0.67459, 0.73760, 0.75527] train_valid_l=[0.66942, 0.39568, 0.18593, 0.06728, 0.02249] val_valid_l=[0.66942, 0.39534, 0.18606, 0.06747, 0.02276]
[VALID] step=19 epoch=0.0742 running=1.919643 train_loss=1.921577 val_loss=1.921509 val_acc=0.275572 log_specnorm=159.417695
[CHECKPOINT] saved /mnt/beegfs/2a/mb12724/franc/small-language-modelling/data/slm_uniform_L5_v1/rhm_gpt2_P_65536_seed_rules_1_seed_sample_1_seed_model_1/checkpoints/checkpoint_step_20.pt
[RHM] step=20 train_peeled_loss_l=[0.89003, 0.65001, 0.60130, 0.52292, 0.49658] val_peeled_loss_l=[0.88975, 0.65053, 0.60095, 0.52364, 0.49249]
[RHM] step=20 train_Mpos_l=[0.49020, 0.64244, 0.66800, 0.73478, 0.74907] val_Mpos_l=[0.49022, 0.64294, 0.66831, 0.73326, 0.75235] train_valid_l=[0.66942, 0.39568, 0.18593, 0.06728, 0.02249] val_valid_l=[0.66942, 0.39534, 0.18606, 0.06747, 0.02276]
[VALID] step=20 epoch=0.0781 running=1.922194 train_loss=1.923551 val_loss=1.923442 val_acc=0.277221 log_specnorm=159.420085
[CHECKPOINT] saved /mnt/beegfs/2a/mb12724/franc/small-language-modelling/data/slm_uniform_L5_v1/rhm_gpt2_P_65536_seed_rules_1_seed_sample_1_seed_model_1/checkpoints/checkpoint_step_21.pt
[RHM] step=21 train_peeled_loss_l=[0.87719, 0.65031, 0.60119, 0.52297, 0.49665] val_peeled_loss_l=[0.87692, 0.65081, 0.60085, 0.52372, 0.49254]
[RHM] step=21 train_Mpos_l=[0.49995, 0.63985, 0.66818, 0.73441, 0.74965] val_Mpos_l=[0.49986, 0.64030, 0.66841, 0.73298, 0.75342] train_valid_l=[0.66942, 0.39568, 0.18593, 0.06728, 0.02249] val_valid_l=[0.66942, 0.39534, 0.18606, 0.06747, 0.02276]
[VALID] step=21 epoch=0.0820 running=1.920169 train_loss=1.918850 val_loss=1.918738 val_acc=0.278105 log_specnorm=159.422516
[CHECKPOINT] saved /mnt/beegfs/2a/mb12724/franc/small-language-modelling/data/slm_uniform_L5_v1/rhm_gpt2_P_65536_seed_rules_1_seed_sample_1_seed_model_1/checkpoints/checkpoint_step_22.pt
[RHM] step=22 train_peeled_loss_l=[0.86757, 0.64754, 0.59550, 0.51944, 0.49281] val_peeled_loss_l=[0.86734, 0.64801, 0.59520, 0.52013, 0.48863]
[RHM] step=22 train_Mpos_l=[0.50555, 0.64028, 0.67398, 0.73912, 0.75427] val_Mpos_l=[0.50544, 0.64051, 0.67432, 0.73766, 0.75801] train_valid_l=[0.66942, 0.39568, 0.18593, 0.06728, 0.02249] val_valid_l=[0.66942, 0.39534, 0.18606, 0.06747, 0.02276]
[VALID] step=22 epoch=0.0859 running=1.915024 train_loss=1.909096 val_loss=1.909014 val_acc=0.278281 log_specnorm=159.425013
[CHECKPOINT] saved /mnt/beegfs/2a/mb12724/franc/small-language-modelling/data/slm_uniform_L5_v1/rhm_gpt2_P_65536_seed_rules_1_seed_sample_1_seed_model_1/checkpoints/checkpoint_step_23.pt
[RHM] step=23 train_peeled_loss_l=[0.86469, 0.64305, 0.58746, 0.51420, 0.48710] val_peeled_loss_l=[0.86452, 0.64350, 0.58722, 0.51481, 0.48292]
[RHM] step=23 train_Mpos_l=[0.49644, 0.63722, 0.68197, 0.74583, 0.76244] val_Mpos_l=[0.49648, 0.63725, 0.68193, 0.74518, 0.76529] train_valid_l=[0.66942, 0.39568, 0.18593, 0.06728, 0.02249] val_valid_l=[0.66942, 0.39534, 0.18606, 0.06747, 0.02276]
[VALID] step=23 epoch=0.0898 running=1.910556 train_loss=1.901561 val_loss=1.901510 val_acc=0.278295 log_specnorm=159.427637
[CHECKPOINT] saved /mnt/beegfs/2a/mb12724/franc/small-language-modelling/data/slm_uniform_L5_v1/rhm_gpt2_P_65536_seed_rules_1_seed_sample_1_seed_model_1/checkpoints/checkpoint_step_24.pt
[RHM] step=24 train_peeled_loss_l=[0.86766, 0.63813, 0.57963, 0.50854, 0.48098] val_peeled_loss_l=[0.86753, 0.63854, 0.57942, 0.50909, 0.47701]
[RHM] step=24 train_Mpos_l=[0.47877, 0.63061, 0.69258, 0.75387, 0.77231] val_Mpos_l=[0.47896, 0.63065, 0.69267, 0.75326, 0.77467] train_valid_l=[0.66942, 0.39568, 0.18593, 0.06728, 0.02249] val_valid_l=[0.66942, 0.39534, 0.18606, 0.06747, 0.02276]
[VALID] step=24 epoch=0.0938 running=1.902524 train_loss=1.898685 val_loss=1.898633 val_acc=0.277129 log_specnorm=159.430503
[CHECKPOINT] saved /mnt/beegfs/2a/mb12724/franc/small-language-modelling/data/slm_uniform_L5_v1/rhm_gpt2_P_65536_seed_rules_1_seed_sample_1_seed_model_1/checkpoints/checkpoint_step_25.pt
[RHM] step=25 train_peeled_loss_l=[0.87215, 0.63525, 0.57426, 0.50462, 0.47663] val_peeled_loss_l=[0.87205, 0.63563, 0.57406, 0.50514, 0.47293]
[RHM] step=25 train_Mpos_l=[0.46553, 0.62415, 0.70066, 0.75858, 0.77976] val_Mpos_l=[0.46570, 0.62427, 0.70050, 0.75819, 0.78111] train_valid_l=[0.66942, 0.39568, 0.18593, 0.06728, 0.02249] val_valid_l=[0.66942, 0.39534, 0.18606, 0.06747, 0.02276]
[VALID] step=25 epoch=0.0977 running=1.899856 train_loss=1.898679 val_loss=1.898602 val_acc=0.275250 log_specnorm=159.433704
[CHECKPOINT] saved /mnt/beegfs/2a/mb12724/franc/small-language-modelling/data/slm_uniform_L5_v1/rhm_gpt2_P_65536_seed_rules_1_seed_sample_1_seed_model_1/checkpoints/checkpoint_step_26.pt
[RHM] step=26 train_peeled_loss_l=[0.87466, 0.63431, 0.57147, 0.50262, 0.47430] val_peeled_loss_l=[0.87455, 0.63466, 0.57128, 0.50315, 0.47080]
[RHM] step=26 train_Mpos_l=[0.46128, 0.62127, 0.70324, 0.76279, 0.78425] val_Mpos_l=[0.46150, 0.62151, 0.70305, 0.76316, 0.78665] train_valid_l=[0.66942, 0.39568, 0.18593, 0.06728, 0.02249] val_valid_l=[0.66942, 0.39534, 0.18606, 0.06747, 0.02276]
[VALID] step=26 epoch=0.1016 running=1.896006 train_loss=1.897624 val_loss=1.897508 val_acc=0.274997 log_specnorm=159.437316
[CHECKPOINT] saved /mnt/beegfs/2a/mb12724/franc/small-language-modelling/data/slm_uniform_L5_v1/rhm_gpt2_P_65536_seed_rules_1_seed_sample_1_seed_model_1/checkpoints/checkpoint_step_27.pt
[RHM] step=27 train_peeled_loss_l=[0.87359, 0.63436, 0.57036, 0.50204, 0.47345] val_peeled_loss_l=[0.87344, 0.63468, 0.57018, 0.50258, 0.47003]
[RHM] step=27 train_Mpos_l=[0.46186, 0.61912, 0.70366, 0.76605, 0.78622] val_Mpos_l=[0.46201, 0.61955, 0.70354, 0.76628, 0.78786] train_valid_l=[0.66942, 0.39568, 0.18593, 0.06728, 0.02249] val_valid_l=[0.66942, 0.39534, 0.18606, 0.06747, 0.02276]
[VALID] step=27 epoch=0.1055 running=1.894996 train_loss=1.893396 val_loss=1.893242 val_acc=0.276598 log_specnorm=159.441416
[CHECKPOINT] saved /mnt/beegfs/2a/mb12724/franc/small-language-modelling/data/slm_uniform_L5_v1/rhm_gpt2_P_65536_seed_rules_1_seed_sample_1_seed_model_1/checkpoints/checkpoint_step_28.pt
[RHM] step=28 train_peeled_loss_l=[0.87016, 0.63489, 0.57153, 0.50308, 0.47422] val_peeled_loss_l=[0.86997, 0.63521, 0.57137, 0.50360, 0.47078]
[RHM] step=28 train_Mpos_l=[0.46852, 0.61841, 0.69967, 0.76644, 0.78754] val_Mpos_l=[0.46857, 0.61883, 0.69961, 0.76725, 0.78899] train_valid_l=[0.66942, 0.39568, 0.18593, 0.06728, 0.02249] val_valid_l=[0.66942, 0.39534, 0.18606, 0.06747, 0.02276]
[VALID] step=28 epoch=0.1094 running=1.892849 train_loss=1.888033 val_loss=1.887845 val_acc=0.278033 log_specnorm=159.446051
[CHECKPOINT] saved /mnt/beegfs/2a/mb12724/franc/small-language-modelling/data/slm_uniform_L5_v1/rhm_gpt2_P_65536_seed_rules_1_seed_sample_1_seed_model_1/checkpoints/checkpoint_step_29.pt
[RHM] step=29 train_peeled_loss_l=[0.86731, 0.63512, 0.57427, 0.50513, 0.47598] val_peeled_loss_l=[0.86707, 0.63545, 0.57414, 0.50560, 0.47250]
[RHM] step=29 train_Mpos_l=[0.47975, 0.62119, 0.69554, 0.76466, 0.78558] val_Mpos_l=[0.47986, 0.62161, 0.69541, 0.76457, 0.78794] train_valid_l=[0.66942, 0.39568, 0.18593, 0.06728, 0.02249] val_valid_l=[0.66942, 0.39534, 0.18606, 0.06747, 0.02276]
[VALID] step=29 epoch=0.1133 running=1.884557 train_loss=1.884841 val_loss=1.884615 val_acc=0.278888 log_specnorm=159.451293
[CHECKPOINT] saved /mnt/beegfs/2a/mb12724/franc/small-language-modelling/data/slm_uniform_L5_v1/rhm_gpt2_P_65536_seed_rules_1_seed_sample_1_seed_model_1/checkpoints/checkpoint_step_30.pt
[RHM] step=30 train_peeled_loss_l=[0.86680, 0.63470, 0.57720, 0.50701, 0.47765] val_peeled_loss_l=[0.86650, 0.63506, 0.57710, 0.50743, 0.47423]
[RHM] step=30 train_Mpos_l=[0.48505, 0.62210, 0.69408, 0.76114, 0.78366] val_Mpos_l=[0.48518, 0.62244, 0.69378, 0.76057, 0.78659] train_valid_l=[0.66942, 0.39568, 0.18593, 0.06728, 0.02249] val_valid_l=[0.66942, 0.39534, 0.18606, 0.06747, 0.02276]
[VALID] step=30 epoch=0.1172 running=1.887306 train_loss=1.884652 val_loss=1.884376 val_acc=0.277647 log_specnorm=159.457216
[CHECKPOINT] saved /mnt/beegfs/2a/mb12724/franc/small-language-modelling/data/slm_uniform_L5_v1/rhm_gpt2_P_65536_seed_rules_1_seed_sample_1_seed_model_1/checkpoints/checkpoint_step_33.pt
[RHM] step=33 train_peeled_loss_l=[0.86639, 0.63257, 0.57544, 0.50578, 0.47619] val_peeled_loss_l=[0.86601, 0.63299, 0.57539, 0.50606, 0.47277]
[RHM] step=33 train_Mpos_l=[0.48743, 0.61951, 0.69200, 0.75816, 0.78091] val_Mpos_l=[0.48755, 0.61978, 0.69195, 0.75870, 0.78343] train_valid_l=[0.66942, 0.39568, 0.18593, 0.06728, 0.02249] val_valid_l=[0.66942, 0.39534, 0.18606, 0.06747, 0.02276]
[VALID] step=33 epoch=0.1289 running=1.885555 train_loss=1.880810 val_loss=1.880432 val_acc=0.278002 log_specnorm=159.480040
[CHECKPOINT] saved /mnt/beegfs/2a/mb12724/franc/small-language-modelling/data/slm_uniform_L5_v1/rhm_gpt2_P_65536_seed_rules_1_seed_sample_1_seed_model_1/checkpoints/checkpoint_step_37.pt
[RHM] step=37 train_peeled_loss_l=[0.85527, 0.62809, 0.56245, 0.49668, 0.46724] val_peeled_loss_l=[0.85499, 0.62838, 0.56222, 0.49690, 0.46384]
[RHM] step=37 train_Mpos_l=[0.48354, 0.62201, 0.71542, 0.77397, 0.79862] val_Mpos_l=[0.48360, 0.62238, 0.71530, 0.77437, 0.80084] train_valid_l=[0.66942, 0.39568, 0.18593, 0.06728, 0.02249] val_valid_l=[0.66942, 0.39534, 0.18606, 0.06747, 0.02276]
[VALID] step=37 epoch=0.1445 running=1.876466 train_loss=1.872369 val_loss=1.872007 val_acc=0.283863 log_specnorm=159.522611
[CHECKPOINT] saved /mnt/beegfs/2a/mb12724/franc/small-language-modelling/data/slm_uniform_L5_v1/rhm_gpt2_P_65536_seed_rules_1_seed_sample_1_seed_model_1/checkpoints/checkpoint_step_41.pt
[RHM] step=41 train_peeled_loss_l=[0.82595, 0.62956, 0.57527, 0.50564, 0.47697] val_peeled_loss_l=[0.82561, 0.63000, 0.57503, 0.50589, 0.47294]
[RHM] step=41 train_Mpos_l=[0.51171, 0.64253, 0.69157, 0.76132, 0.77727] val_Mpos_l=[0.51182, 0.64264, 0.69182, 0.76159, 0.78004] train_valid_l=[0.66942, 0.39568, 0.18593, 0.06728, 0.02249] val_valid_l=[0.66942, 0.39534, 0.18606, 0.06747, 0.02276]
[VALID] step=41 epoch=0.1602 running=1.863679 train_loss=1.862068 val_loss=1.861680 val_acc=0.281124 log_specnorm=159.579957
[CHECKPOINT] saved /mnt/beegfs/2a/mb12724/franc/small-language-modelling/data/slm_uniform_L5_v1/rhm_gpt2_P_65536_seed_rules_1_seed_sample_1_seed_model_1/checkpoints/checkpoint_step_46.pt
[RHM] step=46 train_peeled_loss_l=[0.81429, 0.62384, 0.56389, 0.49786, 0.46918] val_peeled_loss_l=[0.81399, 0.62425, 0.56376, 0.49812, 0.46539]
[RHM] step=46 train_Mpos_l=[0.50616, 0.63390, 0.70693, 0.76873, 0.78834] val_Mpos_l=[0.50629, 0.63430, 0.70725, 0.76972, 0.79125] train_valid_l=[0.66942, 0.39568, 0.18593, 0.06728, 0.02249] val_valid_l=[0.66942, 0.39534, 0.18606, 0.06747, 0.02276]
[VALID] step=46 epoch=0.1797 running=1.846860 train_loss=1.845317 val_loss=1.844964 val_acc=0.288789 log_specnorm=159.695553
[CHECKPOINT] saved /mnt/beegfs/2a/mb12724/franc/small-language-modelling/data/slm_uniform_L5_v1/rhm_gpt2_P_65536_seed_rules_1_seed_sample_1_seed_model_1/checkpoints/checkpoint_step_52.pt
[RHM] step=52 train_peeled_loss_l=[0.76496, 0.62166, 0.56416, 0.49863, 0.46899] val_peeled_loss_l=[0.76459, 0.62206, 0.56411, 0.49877, 0.46512]
[RHM] step=52 train_Mpos_l=[0.53605, 0.64464, 0.69875, 0.76528, 0.78454] val_Mpos_l=[0.53628, 0.64483, 0.69926, 0.76533, 0.78882] train_valid_l=[0.66942, 0.39568, 0.18593, 0.06728, 0.02249] val_valid_l=[0.66942, 0.39534, 0.18606, 0.06747, 0.02276]
[VALID] step=52 epoch=0.2031 running=1.819708 train_loss=1.815188 val_loss=1.814769 val_acc=0.292075 log_specnorm=160.139150
[CHECKPOINT] saved /mnt/beegfs/2a/mb12724/franc/small-language-modelling/data/slm_uniform_L5_v1/rhm_gpt2_P_65536_seed_rules_1_seed_sample_1_seed_model_1/checkpoints/checkpoint_step_59.pt
[RHM] step=59 train_peeled_loss_l=[0.74206, 0.62789, 0.56380, 0.49775, 0.46993] val_peeled_loss_l=[0.74183, 0.62810, 0.56361, 0.49780, 0.46670]
[RHM] step=59 train_Mpos_l=[0.56249, 0.64599, 0.71160, 0.77052, 0.79122] val_Mpos_l=[0.56255, 0.64627, 0.71192, 0.76972, 0.79336] train_valid_l=[0.66942, 0.39568, 0.18593, 0.06728, 0.02249] val_valid_l=[0.66942, 0.39534, 0.18606, 0.06747, 0.02276]
[VALID] step=59 epoch=0.2305 running=1.821334 train_loss=1.799409 val_loss=1.799225 val_acc=0.296707 log_specnorm=160.839453
[CHECKPOINT] saved /mnt/beegfs/2a/mb12724/franc/small-language-modelling/data/slm_uniform_L5_v1/rhm_gpt2_P_65536_seed_rules_1_seed_sample_1_seed_model_1/checkpoints/checkpoint_step_66.pt
[RHM] step=66 train_peeled_loss_l=[0.66463, 0.60253, 0.55469, 0.48930, 0.45909] val_peeled_loss_l=[0.66433, 0.60300, 0.55504, 0.48920, 0.45552]
[RHM] step=66 train_Mpos_l=[0.59835, 0.67135, 0.72596, 0.76689, 0.79577] val_Mpos_l=[0.59857, 0.67150, 0.72605, 0.76721, 0.79960] train_valid_l=[0.66942, 0.39568, 0.18593, 0.06728, 0.02249] val_valid_l=[0.66942, 0.39534, 0.18606, 0.06747, 0.02276]
[VALID] step=66 epoch=0.2578 running=1.731439 train_loss=1.725294 val_loss=1.724882 val_acc=0.303507 log_specnorm=161.758221
[CHECKPOINT] saved /mnt/beegfs/2a/mb12724/franc/small-language-modelling/data/slm_uniform_L5_v1/rhm_gpt2_P_65536_seed_rules_1_seed_sample_1_seed_model_1/checkpoints/checkpoint_step_74.pt
[RHM] step=74 train_peeled_loss_l=[0.60515, 0.59564, 0.54216, 0.48055, 0.44862] val_peeled_loss_l=[0.60531, 0.59607, 0.54192, 0.48022, 0.44483]
[RHM] step=74 train_Mpos_l=[0.66744, 0.67677, 0.74697, 0.78670, 0.80876] val_Mpos_l=[0.66725, 0.67685, 0.74733, 0.78648, 0.81186] train_valid_l=[0.66942, 0.39568, 0.18593, 0.06728, 0.02249] val_valid_l=[0.66942, 0.39534, 0.18606, 0.06747, 0.02276]
[VALID] step=74 epoch=0.2891 running=1.692981 train_loss=1.663809 val_loss=1.663766 val_acc=0.313235 log_specnorm=163.231028
[CHECKPOINT] saved /mnt/beegfs/2a/mb12724/franc/small-language-modelling/data/slm_uniform_L5_v1/rhm_gpt2_P_65536_seed_rules_1_seed_sample_1_seed_model_1/checkpoints/checkpoint_step_83.pt
[RHM] step=83 train_peeled_loss_l=[0.56328, 0.59911, 0.54440, 0.48534, 0.45360] val_peeled_loss_l=[0.56350, 0.59965, 0.54466, 0.48526, 0.45078]
[RHM] step=83 train_Mpos_l=[0.65528, 0.65003, 0.76002, 0.79804, 0.82027] val_Mpos_l=[0.65487, 0.64981, 0.76039, 0.79788, 0.82360] train_valid_l=[0.66942, 0.39568, 0.18593, 0.06728, 0.02249] val_valid_l=[0.66942, 0.39534, 0.18606, 0.06747, 0.02276]
[VALID] step=83 epoch=0.3242 running=1.612204 train_loss=1.609647 val_loss=1.609477 val_acc=0.321272 log_specnorm=164.743519
[CHECKPOINT] saved /mnt/beegfs/2a/mb12724/franc/small-language-modelling/data/slm_uniform_L5_v1/rhm_gpt2_P_65536_seed_rules_1_seed_sample_1_seed_model_1/checkpoints/checkpoint_step_93.pt
[RHM] step=93 train_peeled_loss_l=[0.52605, 0.58719, 0.53124, 0.47705, 0.44704] val_peeled_loss_l=[0.52601, 0.58764, 0.53162, 0.47685, 0.44381]
[RHM] step=93 train_Mpos_l=[0.66310, 0.69645, 0.78536, 0.81238, 0.82896] val_Mpos_l=[0.66283, 0.69627, 0.78465, 0.81216, 0.83263] train_valid_l=[0.66942, 0.39568, 0.18593, 0.06728, 0.02249] val_valid_l=[0.66942, 0.39534, 0.18606, 0.06747, 0.02276]
[VALID] step=93 epoch=0.3633 running=1.571088 train_loss=1.574673 val_loss=1.574488 val_acc=0.327835 log_specnorm=165.760606
[TRAIN] step=100/100000 epoch=0.3906 loss=1.557024 dt=501.56ms
[CHECKPOINT] saved /mnt/beegfs/2a/mb12724/franc/small-language-modelling/data/slm_uniform_L5_v1/rhm_gpt2_P_65536_seed_rules_1_seed_sample_1_seed_model_1/checkpoints/checkpoint_step_105.pt
[RHM] step=105 train_peeled_loss_l=[0.49969, 0.58584, 0.52357, 0.47286, 0.44334] val_peeled_loss_l=[0.49999, 0.58636, 0.52399, 0.47232, 0.44017]
[RHM] step=105 train_Mpos_l=[0.67048, 0.66125, 0.79531, 0.81687, 0.83866] val_Mpos_l=[0.66993, 0.66108, 0.79558, 0.81703, 0.83971] train_valid_l=[0.66942, 0.39568, 0.18593, 0.06728, 0.02249] val_valid_l=[0.66942, 0.39534, 0.18606, 0.06747, 0.02276]
[VALID] step=105 epoch=0.4102 running=1.551366 train_loss=1.553295 val_loss=1.553192 val_acc=0.338152 log_specnorm=166.506552
[CHECKPOINT] saved /mnt/beegfs/2a/mb12724/franc/small-language-modelling/data/slm_uniform_L5_v1/rhm_gpt2_P_65536_seed_rules_1_seed_sample_1_seed_model_1/checkpoints/checkpoint_step_118.pt
[RHM] step=118 train_peeled_loss_l=[0.48879, 0.58429, 0.52093, 0.47085, 0.44301] val_peeled_loss_l=[0.48896, 0.58496, 0.52150, 0.47073, 0.44014]
[RHM] step=118 train_Mpos_l=[0.68784, 0.67381, 0.80039, 0.81923, 0.84091] val_Mpos_l=[0.68778, 0.67385, 0.80039, 0.81970, 0.84196] train_valid_l=[0.66942, 0.39568, 0.18593, 0.06728, 0.02249] val_valid_l=[0.66942, 0.39534, 0.18606, 0.06747, 0.02276]
[VALID] step=118 epoch=0.4609 running=1.535750 train_loss=1.540405 val_loss=1.540058 val_acc=0.344802 log_specnorm=166.892723
[CHECKPOINT] saved /mnt/beegfs/2a/mb12724/franc/small-language-modelling/data/slm_uniform_L5_v1/rhm_gpt2_P_65536_seed_rules_1_seed_sample_1_seed_model_1/checkpoints/checkpoint_step_132.pt
[RHM] step=132 train_peeled_loss_l=[0.47168, 0.58165, 0.51654, 0.47323, 0.44270] val_peeled_loss_l=[0.47197, 0.58209, 0.51698, 0.47272, 0.43962]
[RHM] step=132 train_Mpos_l=[0.69893, 0.67839, 0.78698, 0.81298, 0.83738] val_Mpos_l=[0.69886, 0.67819, 0.78753, 0.81315, 0.83940] train_valid_l=[0.66942, 0.39568, 0.18593, 0.06728, 0.02249] val_valid_l=[0.66942, 0.39534, 0.18606, 0.06747, 0.02276]
[VALID] step=132 epoch=0.5156 running=1.528835 train_loss=1.528039 val_loss=1.527795 val_acc=0.351490 log_specnorm=167.082658
[CHECKPOINT] saved /mnt/beegfs/2a/mb12724/franc/small-language-modelling/data/slm_uniform_L5_v1/rhm_gpt2_P_65536_seed_rules_1_seed_sample_1_seed_model_1/checkpoints/checkpoint_step_148.pt
[RHM] step=148 train_peeled_loss_l=[0.46189, 0.57755, 0.51326, 0.46671, 0.43942] val_peeled_loss_l=[0.46201, 0.57811, 0.51371, 0.46642, 0.43604]
[RHM] step=148 train_Mpos_l=[0.72184, 0.68543, 0.79118, 0.81707, 0.83752] val_Mpos_l=[0.72168, 0.68515, 0.79164, 0.81726, 0.84013] train_valid_l=[0.66942, 0.39568, 0.18593, 0.06728, 0.02249] val_valid_l=[0.66942, 0.39534, 0.18606, 0.06747, 0.02276]
[VALID] step=148 epoch=0.5781 running=1.513408 train_loss=1.518607 val_loss=1.518317 val_acc=0.352889 log_specnorm=167.318984
[CHECKPOINT] saved /mnt/beegfs/2a/mb12724/franc/small-language-modelling/data/slm_uniform_L5_v1/rhm_gpt2_P_65536_seed_rules_1_seed_sample_1_seed_model_1/checkpoints/checkpoint_step_167.pt
[RHM] step=167 train_peeled_loss_l=[0.45659, 0.58481, 0.51728, 0.47261, 0.44319] val_peeled_loss_l=[0.45709, 0.58529, 0.51752, 0.47230, 0.43950]
[RHM] step=167 train_Mpos_l=[0.72273, 0.67839, 0.79732, 0.81303, 0.83320] val_Mpos_l=[0.72251, 0.67861, 0.79775, 0.81300, 0.83630] train_valid_l=[0.66942, 0.39568, 0.18593, 0.06728, 0.02249] val_valid_l=[0.66942, 0.39534, 0.18606, 0.06747, 0.02276]
[VALID] step=167 epoch=0.6523 running=1.526524 train_loss=1.523796 val_loss=1.523730 val_acc=0.357290 log_specnorm=167.626477
[CHECKPOINT] saved /mnt/beegfs/2a/mb12724/franc/small-language-modelling/data/slm_uniform_L5_v1/rhm_gpt2_P_65536_seed_rules_1_seed_sample_1_seed_model_1/checkpoints/checkpoint_step_187.pt
[RHM] step=187 train_peeled_loss_l=[0.37244, 0.57357, 0.51506, 0.46984, 0.44001] val_peeled_loss_l=[0.37294, 0.57413, 0.51526, 0.46986, 0.43686]
[RHM] step=187 train_Mpos_l=[0.78363, 0.69660, 0.79313, 0.81391, 0.83453] val_Mpos_l=[0.78350, 0.69663, 0.79381, 0.81388, 0.83713] train_valid_l=[0.66942, 0.39568, 0.18593, 0.06728, 0.02249] val_valid_l=[0.66942, 0.39534, 0.18606, 0.06747, 0.02276]
[VALID] step=187 epoch=0.7305 running=1.459679 train_loss=1.460875 val_loss=1.460654 val_acc=0.379488 log_specnorm=168.108081
[TRAIN] step=200/100000 epoch=0.7812 loss=1.424106 dt=502.51ms
[CHECKPOINT] saved /mnt/beegfs/2a/mb12724/franc/small-language-modelling/data/slm_uniform_L5_v1/rhm_gpt2_P_65536_seed_rules_1_seed_sample_1_seed_model_1/checkpoints/checkpoint_step_210.pt
[RHM] step=210 train_peeled_loss_l=[0.37432, 0.58782, 0.52346, 0.47439, 0.44660] val_peeled_loss_l=[0.37435, 0.58847, 0.52406, 0.47475, 0.44296]
[RHM] step=210 train_Mpos_l=[0.78890, 0.66595, 0.78366, 0.80924, 0.83002] val_Mpos_l=[0.78878, 0.66582, 0.78390, 0.80832, 0.83161] train_valid_l=[0.66942, 0.39568, 0.18593, 0.06728, 0.02249] val_valid_l=[0.66942, 0.39534, 0.18606, 0.06747, 0.02276]
[VALID] step=210 epoch=0.8203 running=1.491964 train_loss=1.482457 val_loss=1.482023 val_acc=0.378078 log_specnorm=168.702761
[CHECKPOINT] saved /mnt/beegfs/2a/mb12724/franc/small-language-modelling/data/slm_uniform_L5_v1/rhm_gpt2_P_65536_seed_rules_1_seed_sample_1_seed_model_1/checkpoints/checkpoint_step_236.pt
[RHM] step=236 train_peeled_loss_l=[0.02987, 0.57781, 0.51535, 0.46909, 0.44198] val_peeled_loss_l=[0.02996, 0.57847, 0.51534, 0.46926, 0.43923]
[RHM] step=236 train_Mpos_l=[0.99580, 0.69054, 0.78767, 0.81478, 0.82931] val_Mpos_l=[0.99580, 0.69017, 0.78831, 0.81406, 0.83204] train_valid_l=[0.66942, 0.39568, 0.18593, 0.06728, 0.02249] val_valid_l=[0.66942, 0.39534, 0.18606, 0.06747, 0.02276]
[VALID] step=236 epoch=0.9219 running=1.232558 train_loss=1.231599 val_loss=1.231681 val_acc=0.471357 log_specnorm=169.683350
[CHECKPOINT] saved /mnt/beegfs/2a/mb12724/franc/small-language-modelling/data/slm_uniform_L5_v1/rhm_gpt2_P_65536_seed_rules_1_seed_sample_1_seed_model_1/checkpoints/checkpoint_step_266.pt
[RHM] step=266 train_peeled_loss_l=[0.00411, 0.57014, 0.50764, 0.46345, 0.43589] val_peeled_loss_l=[0.00411, 0.57092, 0.50763, 0.46317, 0.43302]
[RHM] step=266 train_Mpos_l=[0.99998, 0.68237, 0.79968, 0.82234, 0.84090] val_Mpos_l=[0.99998, 0.68170, 0.80052, 0.82308, 0.84381] train_valid_l=[0.66942, 0.39568, 0.18593, 0.06728, 0.02249] val_valid_l=[0.66942, 0.39534, 0.18606, 0.06747, 0.02276]
[VALID] step=266 epoch=1.0391 running=1.205704 train_loss=1.204927 val_loss=1.205065 val_acc=0.478945 log_specnorm=170.217168
[CHECKPOINT] saved /mnt/beegfs/2a/mb12724/franc/small-language-modelling/data/slm_uniform_L5_v1/rhm_gpt2_P_65536_seed_rules_1_seed_sample_1_seed_model_1/checkpoints/checkpoint_step_298.pt
[RHM] step=298 train_peeled_loss_l=[0.00254, 0.56626, 0.50264, 0.46086, 0.43337] val_peeled_loss_l=[0.00254, 0.56686, 0.50277, 0.46077, 0.43020]
[RHM] step=298 train_Mpos_l=[1.00000, 0.69100, 0.80247, 0.82162, 0.84397] val_Mpos_l=[1.00000, 0.69063, 0.80319, 0.82211, 0.84554] train_valid_l=[0.66942, 0.39568, 0.18593, 0.06728, 0.02249] val_valid_l=[0.66942, 0.39534, 0.18606, 0.06747, 0.02276]
[VALID] step=298 epoch=1.1641 running=1.201128 train_loss=1.201059 val_loss=1.201034 val_acc=0.482194 log_specnorm=170.374695
[TRAIN] step=300/100000 epoch=1.1719 loss=1.201386 dt=503.19ms
[CHECKPOINT] saved /mnt/beegfs/2a/mb12724/franc/small-language-modelling/data/slm_uniform_L5_v1/rhm_gpt2_P_65536_seed_rules_1_seed_sample_1_seed_model_1/checkpoints/checkpoint_step_335.pt
[RHM] step=335 train_peeled_loss_l=[0.00194, 0.56281, 0.49850, 0.45786, 0.42902] val_peeled_loss_l=[0.00194, 0.56365, 0.49874, 0.45787, 0.42584]
[RHM] step=335 train_Mpos_l=[1.00000, 0.68985, 0.80997, 0.82472, 0.84680] val_Mpos_l=[1.00000, 0.68945, 0.81055, 0.82529, 0.84954] train_valid_l=[0.66942, 0.39568, 0.18593, 0.06728, 0.02249] val_valid_l=[0.66942, 0.39534, 0.18606, 0.06747, 0.02276]
[VALID] step=335 epoch=1.3086 running=1.200136 train_loss=1.197806 val_loss=1.197854 val_acc=0.483954 log_specnorm=170.501377
[CHECKPOINT] saved /mnt/beegfs/2a/mb12724/franc/small-language-modelling/data/slm_uniform_L5_v1/rhm_gpt2_P_65536_seed_rules_1_seed_sample_1_seed_model_1/checkpoints/checkpoint_step_376.pt
[RHM] step=376 train_peeled_loss_l=[0.00159, 0.56005, 0.49773, 0.45757, 0.42956] val_peeled_loss_l=[0.00160, 0.56080, 0.49790, 0.45760, 0.42700]
[RHM] step=376 train_Mpos_l=[1.00000, 0.69844, 0.80828, 0.82632, 0.84400] val_Mpos_l=[1.00000, 0.69820, 0.80885, 0.82701, 0.84515] train_valid_l=[0.66942, 0.39568, 0.18593, 0.06728, 0.02249] val_valid_l=[0.66942, 0.39534, 0.18606, 0.06747, 0.02276]
[VALID] step=376 epoch=1.4688 running=1.196403 train_loss=1.196467 val_loss=1.196546 val_acc=0.484486 log_specnorm=170.615164
[TRAIN] step=400/100000 epoch=1.5625 loss=1.195738 dt=502.80ms
[CHECKPOINT] saved /mnt/beegfs/2a/mb12724/franc/small-language-modelling/data/slm_uniform_L5_v1/rhm_gpt2_P_65536_seed_rules_1_seed_sample_1_seed_model_1/checkpoints/checkpoint_step_423.pt
[RHM] step=423 train_peeled_loss_l=[0.00141, 0.55564, 0.49443, 0.45451, 0.42720] val_peeled_loss_l=[0.00142, 0.55632, 0.49450, 0.45449, 0.42426]
[RHM] step=423 train_Mpos_l=[1.00000, 0.70022, 0.80825, 0.82671, 0.84109] val_Mpos_l=[1.00000, 0.69992, 0.80884, 0.82687, 0.84346] train_valid_l=[0.66942, 0.39568, 0.18593, 0.06728, 0.02249] val_valid_l=[0.66942, 0.39534, 0.18606, 0.06747, 0.02276]
[VALID] step=423 epoch=1.6523 running=1.194151 train_loss=1.193854 val_loss=1.193889 val_acc=0.485715 log_specnorm=170.732214
[CHECKPOINT] saved /mnt/beegfs/2a/mb12724/franc/small-language-modelling/data/slm_uniform_L5_v1/rhm_gpt2_P_65536_seed_rules_1_seed_sample_1_seed_model_1/checkpoints/checkpoint_step_475.pt
