[START] 2026-06-11 16:31:19
[INFO] host=dhler2u01-fat
[INFO] repo_dir=/mnt/beegfs/2a/mb12724/franc/small-language-modelling
[INFO] source_dir=/mnt/beegfs/2a/mb12724/franc/small-language-modelling/SLM
[INFO] run_script=/mnt/beegfs/2a/mb12724/franc/small-language-modelling/compute_slm_linearization_error.py
[INFO] data_root=/mnt/beegfs/2a/mb12724/franc/small-language-modelling/data
[INFO] collected_results_root=/mnt/beegfs/2a/mb12724/franc/small-language-modelling/collected_results
[INFO] resolved_run_dir=/mnt/beegfs/2a/mb12724/franc/small-language-modelling/data/slm_uniform_L3_v1/rhm_gpt2_P_65536_seed_rules_1_seed_sample_1_seed_model_1
[INFO] output_name=linearization_L3_v1
[INFO] num_checkpoints=5
[INFO] max_step=none
[INFO] split=test
[INFO] subset_size=512
[INFO] subset_seed=12345
[INFO] batch_size=32
[INFO] reference_source=auto
[INFO] linearization_reference=auto
[INFO] jvp_method=auto
[INFO] finite_difference_epsilon=0.001
[INFO] center_logits=1
[INFO] device=cuda
[INFO] conda_env=rhm
[INFO] original_cuda_visible_devices=GPU-fe585e8c-910e-cb6f-46cd-956c26e92992
[INFO] cuda_visible_devices=0
[INFO] torch= 2.3.1+cu118
[INFO] cuda_available= True
[INFO] gpu= Tesla V100-SXM2-32GB
[CMD] python -u /mnt/beegfs/2a/mb12724/franc/small-language-modelling/compute_slm_linearization_error.py --repo_dir /mnt/beegfs/2a/mb12724/franc/small-language-modelling --source_dir /mnt/beegfs/2a/mb12724/franc/small-language-modelling/SLM --data_root /mnt/beegfs/2a/mb12724/franc/small-language-modelling/data --collected_results_root /mnt/beegfs/2a/mb12724/franc/small-language-modelling/collected_results --device cuda --num_checkpoints 5 --split test --subset_size 512 --subset_seed 12345 --batch_size 32 --reference_source auto --linearization_reference auto --jvp_method auto --finite_difference_epsilon 0.001 --run_name slm_uniform_L3_v1 --run_id rhm_gpt2_P_65536_seed_rules_1_seed_sample_1_seed_model_1 --output_name linearization_L3_v1 --center_logits
[RUN] launching relative linearization-error computation
[INFO] run_dir=/mnt/beegfs/2a/mb12724/franc/small-language-modelling/data/slm_uniform_L3_v1/rhm_gpt2_P_65536_seed_rules_1_seed_sample_1_seed_model_1
[INFO] source_dir=/mnt/beegfs/2a/mb12724/franc/small-language-modelling/SLM
[INFO] output_dir=/mnt/beegfs/2a/mb12724/franc/small-language-modelling/collected_results/linearization_L3_v1
[INFO] available checkpoints=100
[INFO] selected checkpoint indices=[0, 17, 50, 74, 99]
[INFO] selected steps=[1, 18, 335, 5462, 100000]
# parameters: 4743688
[CHECKPOINT 1/5] step=1 file=checkpoint_step_1.pt
[INFO] JVP method resolved to autodiff
[RESULT] split=test step=1 relative_error=nan alignment=nan amplitude_ratio=nan relative_parameter_displacement=0 time=2.32s
[CHECKPOINT 2/5] step=18 file=checkpoint_step_18.pt
[RESULT] split=test step=18 relative_error=0.14189345 alignment=0.99643925 amplitude_ratio=1.1105661 relative_parameter_displacement=0.001598634 time=0.74s
[CHECKPOINT 3/5] step=335 file=checkpoint_step_335.pt
[RESULT] split=test step=335 relative_error=0.78481496 alignment=0.63098468 amplitude_ratio=0.51234154 relative_parameter_displacement=0.026963983 time=0.73s
[CHECKPOINT 4/5] step=5462 file=checkpoint_step_5462.pt
[RESULT] split=test step=5462 relative_error=0.94831811 alignment=0.47326803 amplitude_ratio=0.82439458 relative_parameter_displacement=0.078311186 time=0.73s
[CHECKPOINT 5/5] step=100000 file=checkpoint_step_100000.pt
[RESULT] split=test step=100000 relative_error=1.237439 alignment=0.33148983 amplitude_ratio=1.1322025 relative_parameter_displacement=0.22867969 time=0.73s
[DONE] diagnostics saved in /mnt/beegfs/2a/mb12724/franc/small-language-modelling/collected_results/linearization_L3_v1
[DONE] total time=5.26s
[END] 2026-06-11 16:31:31 return_code=0
