[START] 2026-06-12 10:07:54
[INFO] host=dhler2u02-fat
[INFO] repo_dir=/mnt/beegfs/2a/mb12724/franc/small-language-modelling
[INFO] run_script=/mnt/beegfs/2a/mb12724/franc/small-language-modelling/SLM/main.py
[INFO] output_dir=/mnt/beegfs/2a/mb12724/franc/small-language-modelling/data/slm_MAMBA_uniform_L6_v1/rhm_mamba_P_65536_seed_rules_1_seed_sample_1_seed_model_1
[INFO] dataset=rhm online=true model=mamba
[INFO] train_size=65536 val_size=32768 max_steps=100000
[INFO] batch_size=64 eval_batch_size=64
[INFO] RHM: v=64 n=64 m=5 s=2 L=6
[INFO] Mamba architecture: depth=12 d_embedding=256 d_state=16 d_conv=4 expand=2
[INFO] num_validations=100 num_weight_saves=100
[INFO] compute_rhm_diagnostics=true
[INFO] python=/home/2a/mb12724/miniconda3/envs/rhm/bin/python
Python 3.10.20
Fri Jun 12 10:07:54 2026       
+-----------------------------------------------------------------------------+
| NVIDIA-SMI 470.57.02    Driver Version: 470.57.02    CUDA Version: 11.4     |
|-------------------------------+----------------------+----------------------+
| GPU  Name        Persistence-M| Bus-Id        Disp.A | Volatile Uncorr. ECC |
| Fan  Temp  Perf  Pwr:Usage/Cap|         Memory-Usage | GPU-Util  Compute M. |
|                               |                      |               MIG M. |
|===============================+======================+======================|
|   0  Tesla V100-SXM2...  On   | 00000000:3B:00.0 Off |                    0 |
| N/A   32C    P0    38W / 300W |     15MiB / 32510MiB |      0%      Default |
|                               |                      |                  N/A |
+-------------------------------+----------------------+----------------------+
                                                                               
+-----------------------------------------------------------------------------+
| Processes:                                                                  |
|  GPU   GI   CI        PID   Type   Process name                  GPU Memory |
|        ID   ID                                                   Usage      |
|=============================================================================|
|    0   N/A  N/A      2339      G   /usr/libexec/Xorg                  14MiB |
+-----------------------------------------------------------------------------+
torch = 2.3.1+cu118
cuda runtime = 11.8
cuda available = True
gpu = Tesla V100-SXM2-32GB
Mamba backend = pure-PyTorch fallback
WARNING: mamba-ssm is not installed; training can be substantially slower.
[CMD] python -u /mnt/beegfs/2a/mb12724/franc/small-language-modelling/SLM/main.py --device cuda --dataset rhm --path /mnt/beegfs/2a/mb12724/franc/small-language-modelling/SLM/datasets --model mamba --train_size 65536 --val_size 32768 --batch_size 64 --eval_batch_size 64 --eval_train_size 16384 --eval_val_size 16384 --max_steps 100000 --lr 0.001 --scheduler cosine --warmup_time 100 --decay_time 100000 --decay_factor 0.1 --dropout 0.0 --l2 0.0 --print_freq 100 --num_validations 100 --num_weight_saves 100 --save_freq 1000 --depth 12 --d_embedding 256 --d_state 16 --d_conv 4 --mamba_expand 2 --n_heads 8 --ffwd_size 4 --seed_model 1 --data_root /mnt/beegfs/2a/mb12724/franc/small-language-modelling/data --run_name slm_MAMBA_uniform_L6_v1 --output_dir /mnt/beegfs/2a/mb12724/franc/small-language-modelling/data/slm_MAMBA_uniform_L6_v1/rhm_mamba_P_65536_seed_rules_1_seed_sample_1_seed_model_1 --online --measure_train --save_run_data --num_features 64 --num_classes 64 --num_synonyms 5 --tuple_size 2 --num_layers 6 --seed_rules 1 --seed_sample 1 --input_format long --compute_rhm_diagnostics --rhm_margins_max_train_samples 16384 --rhm_margins_max_val_samples 16384 --rhm_margins_batch_size 256 
================================================================================
dataset=rhm model=mamba online=True
output_dir=/mnt/beegfs/2a/mb12724/franc/small-language-modelling/data/slm_MAMBA_uniform_L6_v1/rhm_mamba_P_65536_seed_rules_1_seed_sample_1_seed_model_1
RHM v=64 n=64 m=5 s=2 L=6 d=64
architecture depth=12 d_embedding=256 n_heads=n/a
log saves: validations=100, weights=100; RHM diagnostics=True
================================================================================
RHM: v=64, n=64, m=5, s=2, L=6, d=64, online=True
Training for 100000 optimizer steps
# parameters: 5289216
[INFO] output_dir=/mnt/beegfs/2a/mb12724/franc/small-language-modelling/data/slm_MAMBA_uniform_L6_v1/rhm_mamba_P_65536_seed_rules_1_seed_sample_1_seed_model_1
[INFO] validation steps=[1, 2, 3, 4, 5, 6, 7, 8, 9, 10, 11, 12, 13, 14, 15, 16, 17, 18, 19, 20, 21, 22, 23, 24, 25, 26, 27, 28, 29, 30, 33, 37, 41, 46, 52, 59, 66, 74, 83, 93, 105, 118, 132, 148, 167, 187, 210, 236, 266, 298, 335, 376, 423, 475, 534, 599, 673, 756, 850, 955, 1072, 1205, 1353, 1520, 1707, 1918, 2154, 2420, 2719, 3054, 3430, 3854, 4329, 4863, 5462, 6136, 6893, 7743, 8697, 9770, 10975, 12328, 13849, 15557, 17475, 19630, 22051, 24771, 27826, 31257, 35112, 39442, 44306, 49770, 55908, 62803, 70548, 79248, 89022, 100000]
[INFO] weight checkpoint steps=[1, 2, 3, 4, 5, 6, 7, 8, 9, 10, 11, 12, 13, 14, 15, 16, 17, 18, 19, 20, 21, 22, 23, 24, 25, 26, 27, 28, 29, 30, 33, 37, 41, 46, 52, 59, 66, 74, 83, 93, 105, 118, 132, 148, 167, 187, 210, 236, 266, 298, 335, 376, 423, 475, 534, 599, 673, 756, 850, 955, 1072, 1205, 1353, 1520, 1707, 1918, 2154, 2420, 2719, 3054, 3430, 3854, 4329, 4863, 5462, 6136, 6893, 7743, 8697, 9770, 10975, 12328, 13849, 15557, 17475, 19630, 22051, 24771, 27826, 31257, 35112, 39442, 44306, 49770, 55908, 62803, 70548, 79248, 89022, 100000]
[INFO] RHM diagnostics=True; online=True; dataset=rhm; model=mamba
[RHM] step=0 train_peeled_loss_l=[2.49682, 1.25465, 0.79866, 0.68629, 0.51515, 0.43903] val_peeled_loss_l=[2.49717, 1.25442, 0.79819, 0.68676, 0.51502, 0.43856]
[RHM] step=0 train_Mpos_l=[0.00000, 0.16868, 0.49623, 0.55109, 0.73126, 0.78158] val_Mpos_l=[0.00000, 0.16892, 0.49672, 0.55203, 0.73195, 0.78302] train_valid_l=[0.50794, 0.52496, 0.40835, 0.24731, 0.17043, 0.10061] val_valid_l=[0.50794, 0.52483, 0.40829, 0.24795, 0.17070, 0.10067]
[VALID] step=0 epoch=0.0000 running=4.158883 train_loss=4.327779 val_loss=4.327516 val_acc=0.014414 log_specnorm=99.233327
[TRAIN] step=1/100000 epoch=0.0010 loss=4.335423 dt=1099.93ms
[CHECKPOINT] saved /mnt/beegfs/2a/mb12724/franc/small-language-modelling/data/slm_MAMBA_uniform_L6_v1/rhm_mamba_P_65536_seed_rules_1_seed_sample_1_seed_model_1/checkpoints/checkpoint_step_1.pt
[RHM] step=1 train_peeled_loss_l=[2.49682, 1.25465, 0.79866, 0.68629, 0.51515, 0.43903] val_peeled_loss_l=[2.49717, 1.25442, 0.79819, 0.68676, 0.51502, 0.43856]
[RHM] step=1 train_Mpos_l=[0.00000, 0.16868, 0.49623, 0.55109, 0.73126, 0.78158] val_Mpos_l=[0.00000, 0.16892, 0.49672, 0.55203, 0.73195, 0.78302] train_valid_l=[0.50794, 0.52496, 0.40835, 0.24731, 0.17043, 0.10061] val_valid_l=[0.50794, 0.52483, 0.40829, 0.24795, 0.17070, 0.10067]
[VALID] step=1 epoch=0.0010 running=4.335423 train_loss=4.327779 val_loss=4.327516 val_acc=0.014414 log_specnorm=99.233327
[CHECKPOINT] saved /mnt/beegfs/2a/mb12724/franc/small-language-modelling/data/slm_MAMBA_uniform_L6_v1/rhm_mamba_P_65536_seed_rules_1_seed_sample_1_seed_model_1/checkpoints/checkpoint_step_2.pt
[RHM] step=2 train_peeled_loss_l=[2.47662, 1.25218, 0.79765, 0.68556, 0.51453, 0.43850] val_peeled_loss_l=[2.47695, 1.25195, 0.79719, 0.68602, 0.51437, 0.43803]
[RHM] step=2 train_Mpos_l=[0.00000, 0.16920, 0.49645, 0.55135, 0.73147, 0.78196] val_Mpos_l=[0.00000, 0.16946, 0.49699, 0.55226, 0.73255, 0.78381] train_valid_l=[0.50794, 0.52496, 0.40835, 0.24731, 0.17043, 0.10061] val_valid_l=[0.50794, 0.52483, 0.40829, 0.24795, 0.17070, 0.10067]
[VALID] step=2 epoch=0.0020 running=4.331035 train_loss=4.314129 val_loss=4.313876 val_acc=0.015212 log_specnorm=99.233137
[CHECKPOINT] saved /mnt/beegfs/2a/mb12724/franc/small-language-modelling/data/slm_MAMBA_uniform_L6_v1/rhm_mamba_P_65536_seed_rules_1_seed_sample_1_seed_model_1/checkpoints/checkpoint_step_3.pt
[RHM] step=3 train_peeled_loss_l=[2.43639, 1.24735, 0.79565, 0.68417, 0.51331, 0.43748] val_peeled_loss_l=[2.43671, 1.24711, 0.79522, 0.68461, 0.51311, 0.43699]
[RHM] step=3 train_Mpos_l=[0.00000, 0.17082, 0.49726, 0.55231, 0.73209, 0.78234] val_Mpos_l=[0.00000, 0.17105, 0.49751, 0.55308, 0.73363, 0.78446] train_valid_l=[0.50794, 0.52496, 0.40835, 0.24731, 0.17043, 0.10061] val_valid_l=[0.50794, 0.52483, 0.40829, 0.24795, 0.17070, 0.10067]
[VALID] step=3 epoch=0.0029 running=4.309353 train_loss=4.287230 val_loss=4.286992 val_acc=0.016908 log_specnorm=99.232941
[CHECKPOINT] saved /mnt/beegfs/2a/mb12724/franc/small-language-modelling/data/slm_MAMBA_uniform_L6_v1/rhm_mamba_P_65536_seed_rules_1_seed_sample_1_seed_model_1/checkpoints/checkpoint_step_4.pt
[RHM] step=4 train_peeled_loss_l=[2.37647, 1.24042, 0.79286, 0.68220, 0.51165, 0.43604] val_peeled_loss_l=[2.37676, 1.24018, 0.79246, 0.68263, 0.51139, 0.43555]
[RHM] step=4 train_Mpos_l=[0.00000, 0.17325, 0.49851, 0.55336, 0.73312, 0.78383] val_Mpos_l=[0.00000, 0.17375, 0.49828, 0.55426, 0.73471, 0.78545] train_valid_l=[0.50794, 0.52496, 0.40835, 0.24731, 0.17043, 0.10061] val_valid_l=[0.50794, 0.52483, 0.40829, 0.24795, 0.17070, 0.10067]
[VALID] step=4 epoch=0.0039 running=4.294950 train_loss=4.247983 val_loss=4.247777 val_acc=0.020356 log_specnorm=99.232590
[CHECKPOINT] saved /mnt/beegfs/2a/mb12724/franc/small-language-modelling/data/slm_MAMBA_uniform_L6_v1/rhm_mamba_P_65536_seed_rules_1_seed_sample_1_seed_model_1/checkpoints/checkpoint_step_5.pt
[RHM] step=5 train_peeled_loss_l=[2.29817, 1.23151, 0.78960, 0.67986, 0.50963, 0.43430] val_peeled_loss_l=[2.29841, 1.23127, 0.78925, 0.68025, 0.50930, 0.43380]
[RHM] step=5 train_Mpos_l=[0.00000, 0.17669, 0.50001, 0.55445, 0.73430, 0.78509] val_Mpos_l=[0.00000, 0.17718, 0.49987, 0.55571, 0.73588, 0.78671] train_valid_l=[0.50794, 0.52496, 0.40835, 0.24731, 0.17043, 0.10061] val_valid_l=[0.50794, 0.52483, 0.40829, 0.24795, 0.17070, 0.10067]
[VALID] step=5 epoch=0.0049 running=4.242814 train_loss=4.197832 val_loss=4.197679 val_acc=0.026382 log_specnorm=99.232500
[CHECKPOINT] saved /mnt/beegfs/2a/mb12724/franc/small-language-modelling/data/slm_MAMBA_uniform_L6_v1/rhm_mamba_P_65536_seed_rules_1_seed_sample_1_seed_model_1/checkpoints/checkpoint_step_6.pt
[RHM] step=6 train_peeled_loss_l=[2.20273, 1.22130, 0.78600, 0.67730, 0.50739, 0.43238] val_peeled_loss_l=[2.20290, 1.22104, 0.78566, 0.67766, 0.50699, 0.43186]
[RHM] step=6 train_Mpos_l=[0.00000, 0.18153, 0.50246, 0.55622, 0.73589, 0.78639] val_Mpos_l=[0.00000, 0.18180, 0.50197, 0.55726, 0.73728, 0.78786] train_valid_l=[0.50794, 0.52496, 0.40835, 0.24731, 0.17043, 0.10061] val_valid_l=[0.50794, 0.52483, 0.40829, 0.24795, 0.17070, 0.10067]
[VALID] step=6 epoch=0.0059 running=4.194368 train_loss=4.138617 val_loss=4.138512 val_acc=0.036092 log_specnorm=99.232508
[CHECKPOINT] saved /mnt/beegfs/2a/mb12724/franc/small-language-modelling/data/slm_MAMBA_uniform_L6_v1/rhm_mamba_P_65536_seed_rules_1_seed_sample_1_seed_model_1/checkpoints/checkpoint_step_7.pt
[RHM] step=7 train_peeled_loss_l=[2.09294, 1.21057, 0.78231, 0.67462, 0.50511, 0.43039] val_peeled_loss_l=[2.09301, 1.21030, 0.78202, 0.67496, 0.50462, 0.42987]
[RHM] step=7 train_Mpos_l=[0.00000, 0.18737, 0.50565, 0.55823, 0.73728, 0.78797] val_Mpos_l=[0.00000, 0.18757, 0.50480, 0.55899, 0.73854, 0.78977] train_valid_l=[0.50794, 0.52496, 0.40835, 0.24731, 0.17043, 0.10061] val_valid_l=[0.50794, 0.52483, 0.40829, 0.24795, 0.17070, 0.10067]
[VALID] step=7 epoch=0.0068 running=4.138400 train_loss=4.073025 val_loss=4.072957 val_acc=0.049925 log_specnorm=99.232698
[CHECKPOINT] saved /mnt/beegfs/2a/mb12724/franc/small-language-modelling/data/slm_MAMBA_uniform_L6_v1/rhm_mamba_P_65536_seed_rules_1_seed_sample_1_seed_model_1/checkpoints/checkpoint_step_8.pt
[RHM] step=8 train_peeled_loss_l=[1.97238, 1.19961, 0.77897, 0.67218, 0.50307, 0.42860] val_peeled_loss_l=[1.97236, 1.19934, 0.77872, 0.67247, 0.50251, 0.42808]
[RHM] step=8 train_Mpos_l=[0.00000, 0.19449, 0.50928, 0.56044, 0.73869, 0.78900] val_Mpos_l=[0.00000, 0.19461, 0.50828, 0.56145, 0.74031, 0.79070] train_valid_l=[0.50794, 0.52496, 0.40835, 0.24731, 0.17043, 0.10061] val_valid_l=[0.50794, 0.52483, 0.40829, 0.24795, 0.17070, 0.10067]
[VALID] step=8 epoch=0.0078 running=4.065651 train_loss=4.004198 val_loss=4.004199 val_acc=0.066597 log_specnorm=99.233079
[CHECKPOINT] saved /mnt/beegfs/2a/mb12724/franc/small-language-modelling/data/slm_MAMBA_uniform_L6_v1/rhm_mamba_P_65536_seed_rules_1_seed_sample_1_seed_model_1/checkpoints/checkpoint_step_9.pt
[RHM] step=9 train_peeled_loss_l=[1.84426, 1.18931, 0.77623, 0.67022, 0.50143, 0.42717] val_peeled_loss_l=[1.84416, 1.18907, 0.77601, 0.67049, 0.50088, 0.42665]
[RHM] step=9 train_Mpos_l=[0.00000, 0.20137, 0.51327, 0.56297, 0.73999, 0.78985] val_Mpos_l=[0.00000, 0.20136, 0.51249, 0.56381, 0.74165, 0.79168] train_valid_l=[0.50794, 0.52496, 0.40835, 0.24731, 0.17043, 0.10061] val_valid_l=[0.50794, 0.52483, 0.40829, 0.24795, 0.17070, 0.10067]
[VALID] step=9 epoch=0.0088 running=3.992064 train_loss=3.934983 val_loss=3.935065 val_acc=0.082398 log_specnorm=99.233904
[CHECKPOINT] saved /mnt/beegfs/2a/mb12724/franc/small-language-modelling/data/slm_MAMBA_uniform_L6_v1/rhm_mamba_P_65536_seed_rules_1_seed_sample_1_seed_model_1/checkpoints/checkpoint_step_10.pt
[RHM] step=10 train_peeled_loss_l=[1.71426, 1.18037, 0.77418, 0.66878, 0.50016, 0.42609] val_peeled_loss_l=[1.71406, 1.18013, 0.77396, 0.66904, 0.49970, 0.42560]
[RHM] step=10 train_Mpos_l=[0.00000, 0.20984, 0.51746, 0.56554, 0.74141, 0.79051] val_Mpos_l=[0.00000, 0.20995, 0.51689, 0.56620, 0.74286, 0.79147] train_valid_l=[0.50794, 0.52496, 0.40835, 0.24731, 0.17043, 0.10061] val_valid_l=[0.50794, 0.52483, 0.40829, 0.24795, 0.17070, 0.10067]
[VALID] step=10 epoch=0.0098 running=3.947650 train_loss=3.868081 val_loss=3.868267 val_acc=0.096158 log_specnorm=99.235315
[CHECKPOINT] saved /mnt/beegfs/2a/mb12724/franc/small-language-modelling/data/slm_MAMBA_uniform_L6_v1/rhm_mamba_P_65536_seed_rules_1_seed_sample_1_seed_model_1/checkpoints/checkpoint_step_11.pt
[RHM] step=11 train_peeled_loss_l=[1.58642, 1.17246, 0.77271, 0.66783, 0.49932, 0.42540] val_peeled_loss_l=[1.58616, 1.17222, 0.77250, 0.66814, 0.49900, 0.42491]
[RHM] step=11 train_Mpos_l=[0.00058, 0.21885, 0.52190, 0.56834, 0.74284, 0.79031] val_Mpos_l=[0.00057, 0.21913, 0.52135, 0.56832, 0.74374, 0.79104] train_valid_l=[0.50794, 0.52496, 0.40835, 0.24731, 0.17043, 0.10061] val_valid_l=[0.50794, 0.52483, 0.40829, 0.24795, 0.17070, 0.10067]
[VALID] step=11 epoch=0.0107 running=3.854843 train_loss=3.805473 val_loss=3.805760 val_acc=0.107399 log_specnorm=99.237540
[CHECKPOINT] saved /mnt/beegfs/2a/mb12724/franc/small-language-modelling/data/slm_MAMBA_uniform_L6_v1/rhm_mamba_P_65536_seed_rules_1_seed_sample_1_seed_model_1/checkpoints/checkpoint_step_12.pt
[RHM] step=12 train_peeled_loss_l=[1.46472, 1.16561, 0.77178, 0.66723, 0.49874, 0.42501] val_peeled_loss_l=[1.46443, 1.16536, 0.77157, 0.66762, 0.49864, 0.42457]
[RHM] step=12 train_Mpos_l=[0.00096, 0.22705, 0.52581, 0.57115, 0.74356, 0.79014] val_Mpos_l=[0.00094, 0.22752, 0.52540, 0.57088, 0.74412, 0.79066] train_valid_l=[0.50794, 0.52496, 0.40835, 0.24731, 0.17043, 0.10061] val_valid_l=[0.50794, 0.52483, 0.40829, 0.24795, 0.17070, 0.10067]
[VALID] step=12 epoch=0.0117 running=3.818539 train_loss=3.747867 val_loss=3.748279 val_acc=0.116521 log_specnorm=99.240695
[CHECKPOINT] saved /mnt/beegfs/2a/mb12724/franc/small-language-modelling/data/slm_MAMBA_uniform_L6_v1/rhm_mamba_P_65536_seed_rules_1_seed_sample_1_seed_model_1/checkpoints/checkpoint_step_13.pt
[RHM] step=13 train_peeled_loss_l=[1.35003, 1.16030, 0.77110, 0.66703, 0.49843, 0.42489] val_peeled_loss_l=[1.34978, 1.16001, 0.77086, 0.66759, 0.49857, 0.42455]
[RHM] step=13 train_Mpos_l=[0.00837, 0.23455, 0.52940, 0.57300, 0.74416, 0.78954] val_Mpos_l=[0.00807, 0.23490, 0.52895, 0.57287, 0.74474, 0.79052] train_valid_l=[0.50794, 0.52496, 0.40835, 0.24731, 0.17043, 0.10061] val_valid_l=[0.50794, 0.52483, 0.40829, 0.24795, 0.17070, 0.10067]
[VALID] step=13 epoch=0.0127 running=3.739117 train_loss=3.695212 val_loss=3.695734 val_acc=0.124248 log_specnorm=99.244953
[CHECKPOINT] saved /mnt/beegfs/2a/mb12724/franc/small-language-modelling/data/slm_MAMBA_uniform_L6_v1/rhm_mamba_P_65536_seed_rules_1_seed_sample_1_seed_model_1/checkpoints/checkpoint_step_14.pt
[RHM] step=14 train_peeled_loss_l=[1.24472, 1.15597, 0.77052, 0.66693, 0.49812, 0.42486] val_peeled_loss_l=[1.24455, 1.15563, 0.77019, 0.66766, 0.49860, 0.42463]
[RHM] step=14 train_Mpos_l=[0.01674, 0.23910, 0.53196, 0.57491, 0.74450, 0.78859] val_Mpos_l=[0.01640, 0.23915, 0.53180, 0.57397, 0.74419, 0.78987] train_valid_l=[0.50794, 0.52496, 0.40835, 0.24731, 0.17043, 0.10061] val_valid_l=[0.50794, 0.52483, 0.40829, 0.24795, 0.17070, 0.10067]
[VALID] step=14 epoch=0.0137 running=3.683700 train_loss=3.647550 val_loss=3.648187 val_acc=0.130700 log_specnorm=99.250331
[CHECKPOINT] saved /mnt/beegfs/2a/mb12724/franc/small-language-modelling/data/slm_MAMBA_uniform_L6_v1/rhm_mamba_P_65536_seed_rules_1_seed_sample_1_seed_model_1/checkpoints/checkpoint_step_15.pt
[RHM] step=15 train_peeled_loss_l=[1.14974, 1.15251, 0.77010, 0.66700, 0.49799, 0.42497] val_peeled_loss_l=[1.14964, 1.15212, 0.76968, 0.66792, 0.49880, 0.42487]
[RHM] step=15 train_Mpos_l=[0.03579, 0.24007, 0.53366, 0.57616, 0.74409, 0.78791] val_Mpos_l=[0.03537, 0.24022, 0.53361, 0.57512, 0.74377, 0.78912] train_valid_l=[0.50794, 0.52496, 0.40835, 0.24731, 0.17043, 0.10061] val_valid_l=[0.50794, 0.52483, 0.40829, 0.24795, 0.17070, 0.10067]
[VALID] step=15 epoch=0.0146 running=3.663141 train_loss=3.604836 val_loss=3.605585 val_acc=0.135961 log_specnorm=99.257257
[CHECKPOINT] saved /mnt/beegfs/2a/mb12724/franc/small-language-modelling/data/slm_MAMBA_uniform_L6_v1/rhm_mamba_P_65536_seed_rules_1_seed_sample_1_seed_model_1/checkpoints/checkpoint_step_16.pt
[RHM] step=16 train_peeled_loss_l=[1.06415, 1.15062, 0.77025, 0.66760, 0.49824, 0.42544] val_peeled_loss_l=[1.06413, 1.15021, 0.76976, 0.66874, 0.49941, 0.42549]
[RHM] step=16 train_Mpos_l=[0.07108, 0.23901, 0.53455, 0.57684, 0.74439, 0.78718] val_Mpos_l=[0.07100, 0.23907, 0.53479, 0.57546, 0.74354, 0.78875] train_valid_l=[0.50794, 0.52496, 0.40835, 0.24731, 0.17043, 0.10061] val_valid_l=[0.50794, 0.52483, 0.40829, 0.24795, 0.17070, 0.10067]
[VALID] step=16 epoch=0.0156 running=3.601415 train_loss=3.567710 val_loss=3.568578 val_acc=0.139376 log_specnorm=99.265753
[CHECKPOINT] saved /mnt/beegfs/2a/mb12724/franc/small-language-modelling/data/slm_MAMBA_uniform_L6_v1/rhm_mamba_P_65536_seed_rules_1_seed_sample_1_seed_model_1/checkpoints/checkpoint_step_17.pt
[RHM] step=17 train_peeled_loss_l=[0.98721, 1.15053, 0.77123, 0.66900, 0.49904, 0.42633] val_peeled_loss_l=[0.98722, 1.15014, 0.77064, 0.67030, 0.50054, 0.42659]
[RHM] step=17 train_Mpos_l=[0.12026, 0.23751, 0.53505, 0.57724, 0.74389, 0.78695] val_Mpos_l=[0.11999, 0.23781, 0.53608, 0.57603, 0.74225, 0.78734] train_valid_l=[0.50794, 0.52496, 0.40835, 0.24731, 0.17043, 0.10061] val_valid_l=[0.50794, 0.52483, 0.40829, 0.24795, 0.17070, 0.10067]
[VALID] step=17 epoch=0.0166 running=3.568583 train_loss=3.536994 val_loss=3.537931 val_acc=0.141274 log_specnorm=99.275702
[CHECKPOINT] saved /mnt/beegfs/2a/mb12724/franc/small-language-modelling/data/slm_MAMBA_uniform_L6_v1/rhm_mamba_P_65536_seed_rules_1_seed_sample_1_seed_model_1/checkpoints/checkpoint_step_18.pt
[RHM] step=18 train_peeled_loss_l=[0.91970, 1.15114, 0.77245, 0.67058, 0.50007, 0.42737] val_peeled_loss_l=[0.91972, 1.15076, 0.77180, 0.67203, 0.50181, 0.42786]
[RHM] step=18 train_Mpos_l=[0.18225, 0.23726, 0.53610, 0.57666, 0.74274, 0.78605] val_Mpos_l=[0.18132, 0.23714, 0.53698, 0.57543, 0.74119, 0.78606] train_valid_l=[0.50794, 0.52496, 0.40835, 0.24731, 0.17043, 0.10061] val_valid_l=[0.50794, 0.52483, 0.40829, 0.24795, 0.17070, 0.10067]
[VALID] step=18 epoch=0.0176 running=3.549344 train_loss=3.511439 val_loss=3.512403 val_acc=0.142683 log_specnorm=99.286706
[CHECKPOINT] saved /mnt/beegfs/2a/mb12724/franc/small-language-modelling/data/slm_MAMBA_uniform_L6_v1/rhm_mamba_P_65536_seed_rules_1_seed_sample_1_seed_model_1/checkpoints/checkpoint_step_19.pt
[RHM] step=19 train_peeled_loss_l=[0.86083, 1.15061, 0.77362, 0.67170, 0.50094, 0.42819] val_peeled_loss_l=[0.86085, 1.15024, 0.77293, 0.67323, 0.50280, 0.42895]
[RHM] step=19 train_Mpos_l=[0.25050, 0.23647, 0.53705, 0.57693, 0.74217, 0.78499] val_Mpos_l=[0.24935, 0.23656, 0.53768, 0.57543, 0.74015, 0.78494] train_valid_l=[0.50794, 0.52496, 0.40835, 0.24731, 0.17043, 0.10061] val_valid_l=[0.50794, 0.52483, 0.40829, 0.24795, 0.17070, 0.10067]
[VALID] step=19 epoch=0.0186 running=3.494475 train_loss=3.488985 val_loss=3.489973 val_acc=0.143380 log_specnorm=99.299363
[CHECKPOINT] saved /mnt/beegfs/2a/mb12724/franc/small-language-modelling/data/slm_MAMBA_uniform_L6_v1/rhm_mamba_P_65536_seed_rules_1_seed_sample_1_seed_model_1/checkpoints/checkpoint_step_20.pt
[RHM] step=20 train_peeled_loss_l=[0.81089, 1.14761, 0.77431, 0.67223, 0.50139, 0.42861] val_peeled_loss_l=[0.81088, 1.14726, 0.77365, 0.67379, 0.50319, 0.42961]
[RHM] step=20 train_Mpos_l=[0.32262, 0.23436, 0.53783, 0.57739, 0.74130, 0.78541] val_Mpos_l=[0.32133, 0.23427, 0.53847, 0.57595, 0.73959, 0.78475] train_valid_l=[0.50794, 0.52496, 0.40835, 0.24731, 0.17043, 0.10061] val_valid_l=[0.50794, 0.52483, 0.40829, 0.24795, 0.17070, 0.10067]
[VALID] step=20 epoch=0.0195 running=3.473796 train_loss=3.468146 val_loss=3.469158 val_acc=0.144136 log_specnorm=99.313115
[CHECKPOINT] saved /mnt/beegfs/2a/mb12724/franc/small-language-modelling/data/slm_MAMBA_uniform_L6_v1/rhm_mamba_P_65536_seed_rules_1_seed_sample_1_seed_model_1/checkpoints/checkpoint_step_21.pt
[RHM] step=21 train_peeled_loss_l=[0.76847, 1.14284, 0.77493, 0.67245, 0.50166, 0.42882] val_peeled_loss_l=[0.76843, 1.14249, 0.77428, 0.67398, 0.50328, 0.43003]
[RHM] step=21 train_Mpos_l=[0.40255, 0.23331, 0.53842, 0.57784, 0.74003, 0.78521] val_Mpos_l=[0.40115, 0.23300, 0.53901, 0.57647, 0.73909, 0.78396] train_valid_l=[0.50794, 0.52496, 0.40835, 0.24731, 0.17043, 0.10061] val_valid_l=[0.50794, 0.52483, 0.40829, 0.24795, 0.17070, 0.10067]
[VALID] step=21 epoch=0.0205 running=3.462469 train_loss=3.449117 val_loss=3.450184 val_acc=0.144748 log_specnorm=99.328294
[CHECKPOINT] saved /mnt/beegfs/2a/mb12724/franc/small-language-modelling/data/slm_MAMBA_uniform_L6_v1/rhm_mamba_P_65536_seed_rules_1_seed_sample_1_seed_model_1/checkpoints/checkpoint_step_22.pt
[RHM] step=22 train_peeled_loss_l=[0.73433, 1.13704, 0.77466, 0.67166, 0.50120, 0.42841] val_peeled_loss_l=[0.73425, 1.13664, 0.77408, 0.67310, 0.50248, 0.42975]
[RHM] step=22 train_Mpos_l=[0.48469, 0.23544, 0.53908, 0.57913, 0.74028, 0.78525] val_Mpos_l=[0.48406, 0.23491, 0.53936, 0.57790, 0.73917, 0.78416] train_valid_l=[0.50794, 0.52496, 0.40835, 0.24731, 0.17043, 0.10061] val_valid_l=[0.50794, 0.52483, 0.40829, 0.24795, 0.17070, 0.10067]
[VALID] step=22 epoch=0.0215 running=3.444126 train_loss=3.431712 val_loss=3.432796 val_acc=0.145495 log_specnorm=99.345363
[CHECKPOINT] saved /mnt/beegfs/2a/mb12724/franc/small-language-modelling/data/slm_MAMBA_uniform_L6_v1/rhm_mamba_P_65536_seed_rules_1_seed_sample_1_seed_model_1/checkpoints/checkpoint_step_23.pt
[RHM] step=23 train_peeled_loss_l=[0.70748, 1.12949, 0.77393, 0.67027, 0.50034, 0.42761] val_peeled_loss_l=[0.70739, 1.12911, 0.77342, 0.67160, 0.50123, 0.42901]
[RHM] step=23 train_Mpos_l=[0.56010, 0.24045, 0.53931, 0.58049, 0.74059, 0.78587] val_Mpos_l=[0.55998, 0.24008, 0.53940, 0.57990, 0.73991, 0.78459] train_valid_l=[0.50794, 0.52496, 0.40835, 0.24731, 0.17043, 0.10061] val_valid_l=[0.50794, 0.52483, 0.40829, 0.24795, 0.17070, 0.10067]
[VALID] step=23 epoch=0.0225 running=3.439435 train_loss=3.415693 val_loss=3.416726 val_acc=0.146161 log_specnorm=99.365115
[CHECKPOINT] saved /mnt/beegfs/2a/mb12724/franc/small-language-modelling/data/slm_MAMBA_uniform_L6_v1/rhm_mamba_P_65536_seed_rules_1_seed_sample_1_seed_model_1/checkpoints/checkpoint_step_24.pt
[RHM] step=24 train_peeled_loss_l=[0.68748, 1.12096, 0.77336, 0.66876, 0.49951, 0.42684] val_peeled_loss_l=[0.68736, 1.12062, 0.77292, 0.66998, 0.50004, 0.42834]
[RHM] step=24 train_Mpos_l=[0.61686, 0.24639, 0.53889, 0.58231, 0.74084, 0.78601] val_Mpos_l=[0.61679, 0.24580, 0.53925, 0.58144, 0.74050, 0.78468] train_valid_l=[0.50794, 0.52496, 0.40835, 0.24731, 0.17043, 0.10061] val_valid_l=[0.50794, 0.52483, 0.40829, 0.24795, 0.17070, 0.10067]
[VALID] step=24 epoch=0.0234 running=3.426902 train_loss=3.402004 val_loss=3.402979 val_acc=0.146347 log_specnorm=99.387676
[CHECKPOINT] saved /mnt/beegfs/2a/mb12724/franc/small-language-modelling/data/slm_MAMBA_uniform_L6_v1/rhm_mamba_P_65536_seed_rules_1_seed_sample_1_seed_model_1/checkpoints/checkpoint_step_25.pt
[RHM] step=25 train_peeled_loss_l=[0.67253, 1.11212, 0.77299, 0.66733, 0.49869, 0.42603] val_peeled_loss_l=[0.67238, 1.11183, 0.77258, 0.66841, 0.49887, 0.42761]
[RHM] step=25 train_Mpos_l=[0.64947, 0.25259, 0.53856, 0.58361, 0.74127, 0.78649] val_Mpos_l=[0.64994, 0.25264, 0.53911, 0.58241, 0.74157, 0.78514] train_valid_l=[0.50794, 0.52496, 0.40835, 0.24731, 0.17043, 0.10061] val_valid_l=[0.50794, 0.52483, 0.40829, 0.24795, 0.17070, 0.10067]
[VALID] step=25 epoch=0.0244 running=3.397247 train_loss=3.390480 val_loss=3.391350 val_acc=0.146694 log_specnorm=99.412526
[CHECKPOINT] saved /mnt/beegfs/2a/mb12724/franc/small-language-modelling/data/slm_MAMBA_uniform_L6_v1/rhm_mamba_P_65536_seed_rules_1_seed_sample_1_seed_model_1/checkpoints/checkpoint_step_26.pt
[RHM] step=26 train_peeled_loss_l=[0.66162, 1.10363, 0.77244, 0.66559, 0.49771, 0.42508] val_peeled_loss_l=[0.66144, 1.10347, 0.77203, 0.66659, 0.49757, 0.42672]
[RHM] step=26 train_Mpos_l=[0.66925, 0.25987, 0.53823, 0.58464, 0.74190, 0.78689] val_Mpos_l=[0.66952, 0.25975, 0.53892, 0.58347, 0.74204, 0.78518] train_valid_l=[0.50794, 0.52496, 0.40835, 0.24731, 0.17043, 0.10061] val_valid_l=[0.50794, 0.52483, 0.40829, 0.24795, 0.17070, 0.10067]
[VALID] step=26 epoch=0.0254 running=3.387816 train_loss=3.380116 val_loss=3.380976 val_acc=0.147558 log_specnorm=99.442209
[CHECKPOINT] saved /mnt/beegfs/2a/mb12724/franc/small-language-modelling/data/slm_MAMBA_uniform_L6_v1/rhm_mamba_P_65536_seed_rules_1_seed_sample_1_seed_model_1/checkpoints/checkpoint_step_27.pt
[RHM] step=27 train_peeled_loss_l=[0.65218, 1.09664, 0.77140, 0.66353, 0.49649, 0.42398] val_peeled_loss_l=[0.65196, 1.09661, 0.77100, 0.66448, 0.49608, 0.42568]
[RHM] step=27 train_Mpos_l=[0.68445, 0.26282, 0.53773, 0.58577, 0.74190, 0.78712] val_Mpos_l=[0.68485, 0.26248, 0.53826, 0.58452, 0.74249, 0.78600] train_valid_l=[0.50794, 0.52496, 0.40835, 0.24731, 0.17043, 0.10061] val_valid_l=[0.50794, 0.52483, 0.40829, 0.24795, 0.17070, 0.10067]
[VALID] step=27 epoch=0.0264 running=3.388332 train_loss=3.369532 val_loss=3.370384 val_acc=0.148216 log_specnorm=99.475723
[CHECKPOINT] saved /mnt/beegfs/2a/mb12724/franc/small-language-modelling/data/slm_MAMBA_uniform_L6_v1/rhm_mamba_P_65536_seed_rules_1_seed_sample_1_seed_model_1/checkpoints/checkpoint_step_28.pt
[RHM] step=28 train_peeled_loss_l=[0.64257, 1.09065, 0.76948, 0.66169, 0.49515, 0.42288] val_peeled_loss_l=[0.64232, 1.09077, 0.76910, 0.66268, 0.49456, 0.42459]
[RHM] step=28 train_Mpos_l=[0.69829, 0.26394, 0.53786, 0.58593, 0.74156, 0.78816] val_Mpos_l=[0.69916, 0.26358, 0.53794, 0.58438, 0.74356, 0.78640] train_valid_l=[0.50794, 0.52496, 0.40835, 0.24731, 0.17043, 0.10061] val_valid_l=[0.50794, 0.52483, 0.40829, 0.24795, 0.17070, 0.10067]
[VALID] step=28 epoch=0.0273 running=3.352563 train_loss=3.358114 val_loss=3.359009 val_acc=0.149248 log_specnorm=99.512864
[CHECKPOINT] saved /mnt/beegfs/2a/mb12724/franc/small-language-modelling/data/slm_MAMBA_uniform_L6_v1/rhm_mamba_P_65536_seed_rules_1_seed_sample_1_seed_model_1/checkpoints/checkpoint_step_29.pt
[RHM] step=29 train_peeled_loss_l=[0.63275, 1.08663, 0.76818, 0.66059, 0.49426, 0.42220] val_peeled_loss_l=[0.63245, 1.08693, 0.76772, 0.66165, 0.49359, 0.42400]
[RHM] step=29 train_Mpos_l=[0.71018, 0.26430, 0.53673, 0.58559, 0.74211, 0.78835] val_Mpos_l=[0.71144, 0.26367, 0.53669, 0.58382, 0.74317, 0.78686] train_valid_l=[0.50794, 0.52496, 0.40835, 0.24731, 0.17043, 0.10061] val_valid_l=[0.50794, 0.52483, 0.40829, 0.24795, 0.17070, 0.10067]
[VALID] step=29 epoch=0.0283 running=3.347578 train_loss=3.347318 val_loss=3.348279 val_acc=0.149290 log_specnorm=99.553054
[CHECKPOINT] saved /mnt/beegfs/2a/mb12724/franc/small-language-modelling/data/slm_MAMBA_uniform_L6_v1/rhm_mamba_P_65536_seed_rules_1_seed_sample_1_seed_model_1/checkpoints/checkpoint_step_30.pt
[RHM] step=30 train_peeled_loss_l=[0.62138, 1.08449, 0.76693, 0.66012, 0.49372, 0.42191] val_peeled_loss_l=[0.62100, 1.08496, 0.76638, 0.66124, 0.49304, 0.42384]
[RHM] step=30 train_Mpos_l=[0.72241, 0.26423, 0.53623, 0.58495, 0.74208, 0.78856] val_Mpos_l=[0.72331, 0.26340, 0.53602, 0.58303, 0.74347, 0.78776] train_valid_l=[0.50794, 0.52496, 0.40835, 0.24731, 0.17043, 0.10061] val_valid_l=[0.50794, 0.52483, 0.40829, 0.24795, 0.17070, 0.10067]
[VALID] step=30 epoch=0.0293 running=3.340451 train_loss=3.337161 val_loss=3.338136 val_acc=0.150429 log_specnorm=99.593579
[CHECKPOINT] saved /mnt/beegfs/2a/mb12724/franc/small-language-modelling/data/slm_MAMBA_uniform_L6_v1/rhm_mamba_P_65536_seed_rules_1_seed_sample_1_seed_model_1/checkpoints/checkpoint_step_33.pt
[RHM] step=33 train_peeled_loss_l=[0.59160, 1.07250, 0.76143, 0.65852, 0.49206, 0.42066] val_peeled_loss_l=[0.59111, 1.07309, 0.76082, 0.65966, 0.49186, 0.42257]
[RHM] step=33 train_Mpos_l=[0.75370, 0.27232, 0.53810, 0.58374, 0.74176, 0.78901] val_Mpos_l=[0.75474, 0.27132, 0.53796, 0.58214, 0.74356, 0.78842] train_valid_l=[0.50794, 0.52496, 0.40835, 0.24731, 0.17043, 0.10061] val_valid_l=[0.50794, 0.52483, 0.40829, 0.24795, 0.17070, 0.10067]
[VALID] step=33 epoch=0.0322 running=3.326256 train_loss=3.307473 val_loss=3.308169 val_acc=0.152973 log_specnorm=99.704402
[CHECKPOINT] saved /mnt/beegfs/2a/mb12724/franc/small-language-modelling/data/slm_MAMBA_uniform_L6_v1/rhm_mamba_P_65536_seed_rules_1_seed_sample_1_seed_model_1/checkpoints/checkpoint_step_37.pt
[RHM] step=37 train_peeled_loss_l=[0.56821, 1.03899, 0.75408, 0.65093, 0.48759, 0.41654] val_peeled_loss_l=[0.56797, 1.03909, 0.75358, 0.65197, 0.48807, 0.41830]
[RHM] step=37 train_Mpos_l=[0.78872, 0.29939, 0.53653, 0.59018, 0.74465, 0.79142] val_Mpos_l=[0.78910, 0.29818, 0.53658, 0.58894, 0.74547, 0.79250] train_valid_l=[0.50794, 0.52496, 0.40835, 0.24731, 0.17043, 0.10061] val_valid_l=[0.50794, 0.52483, 0.40829, 0.24795, 0.17070, 0.10067]
[VALID] step=37 epoch=0.0361 running=3.293103 train_loss=3.265170 val_loss=3.265685 val_acc=0.160950 log_specnorm=99.833122
[CHECKPOINT] saved /mnt/beegfs/2a/mb12724/franc/small-language-modelling/data/slm_MAMBA_uniform_L6_v1/rhm_mamba_P_65536_seed_rules_1_seed_sample_1_seed_model_1/checkpoints/checkpoint_step_41.pt
[RHM] step=41 train_peeled_loss_l=[0.51895, 1.02104, 0.75008, 0.64805, 0.48542, 0.41550] val_peeled_loss_l=[0.51901, 1.02109, 0.74908, 0.64918, 0.48612, 0.41681]
[RHM] step=41 train_Mpos_l=[0.85392, 0.32292, 0.53913, 0.59085, 0.74730, 0.79221] val_Mpos_l=[0.85421, 0.32198, 0.54002, 0.58878, 0.74741, 0.79180] train_valid_l=[0.50794, 0.52496, 0.40835, 0.24731, 0.17043, 0.10061] val_valid_l=[0.50794, 0.52483, 0.40829, 0.24795, 0.17070, 0.10067]
[VALID] step=41 epoch=0.0400 running=3.232035 train_loss=3.220776 val_loss=3.221881 val_acc=0.164869 log_specnorm=99.983503
[CHECKPOINT] saved /mnt/beegfs/2a/mb12724/franc/small-language-modelling/data/slm_MAMBA_uniform_L6_v1/rhm_mamba_P_65536_seed_rules_1_seed_sample_1_seed_model_1/checkpoints/checkpoint_step_46.pt
[RHM] step=46 train_peeled_loss_l=[0.45357, 0.97668, 0.73797, 0.63912, 0.47876, 0.41087] val_peeled_loss_l=[0.45359, 0.97684, 0.73748, 0.64011, 0.47936, 0.41101]
[RHM] step=46 train_Mpos_l=[0.91253, 0.36568, 0.54664, 0.60005, 0.75297, 0.79625] val_Mpos_l=[0.91171, 0.36469, 0.54681, 0.59845, 0.75297, 0.79824] train_valid_l=[0.50794, 0.52496, 0.40835, 0.24731, 0.17043, 0.10061] val_valid_l=[0.50794, 0.52483, 0.40829, 0.24795, 0.17070, 0.10067]
[VALID] step=46 epoch=0.0449 running=3.155756 train_loss=3.145776 val_loss=3.147145 val_acc=0.174376 log_specnorm=100.413577
[CHECKPOINT] saved /mnt/beegfs/2a/mb12724/franc/small-language-modelling/data/slm_MAMBA_uniform_L6_v1/rhm_mamba_P_65536_seed_rules_1_seed_sample_1_seed_model_1/checkpoints/checkpoint_step_52.pt
[RHM] step=52 train_peeled_loss_l=[0.35452, 0.93511, 0.73769, 0.63879, 0.47753, 0.40895] val_peeled_loss_l=[0.35449, 0.93481, 0.73576, 0.63921, 0.47800, 0.41006]
[RHM] step=52 train_Mpos_l=[0.95166, 0.40033, 0.53833, 0.59550, 0.75264, 0.80036] val_Mpos_l=[0.95161, 0.39985, 0.53901, 0.59449, 0.75391, 0.80146] train_valid_l=[0.50794, 0.52496, 0.40835, 0.24731, 0.17043, 0.10061] val_valid_l=[0.50794, 0.52483, 0.40829, 0.24795, 0.17070, 0.10067]
[VALID] step=52 epoch=0.0508 running=3.045226 train_loss=3.035473 val_loss=3.036356 val_acc=0.181826 log_specnorm=101.738675
[CHECKPOINT] saved /mnt/beegfs/2a/mb12724/franc/small-language-modelling/data/slm_MAMBA_uniform_L6_v1/rhm_mamba_P_65536_seed_rules_1_seed_sample_1_seed_model_1/checkpoints/checkpoint_step_59.pt
[RHM] step=59 train_peeled_loss_l=[0.23334, 0.93910, 0.73348, 0.63994, 0.47780, 0.40774] val_peeled_loss_l=[0.23329, 0.94002, 0.73266, 0.64089, 0.47781, 0.40878]
[RHM] step=59 train_Mpos_l=[0.99052, 0.35675, 0.53505, 0.58586, 0.75403, 0.80163] val_Mpos_l=[0.99044, 0.35584, 0.53523, 0.58426, 0.75467, 0.80192] train_valid_l=[0.50794, 0.52496, 0.40835, 0.24731, 0.17043, 0.10061] val_valid_l=[0.50794, 0.52483, 0.40829, 0.24795, 0.17070, 0.10067]
[VALID] step=59 epoch=0.0576 running=2.914993 train_loss=2.920256 val_loss=2.921562 val_acc=0.193219 log_specnorm=104.086654
[CHECKPOINT] saved /mnt/beegfs/2a/mb12724/franc/small-language-modelling/data/slm_MAMBA_uniform_L6_v1/rhm_mamba_P_65536_seed_rules_1_seed_sample_1_seed_model_1/checkpoints/checkpoint_step_66.pt
[RHM] step=66 train_peeled_loss_l=[0.16342, 0.90742, 0.74420, 0.64424, 0.48324, 0.41265] val_peeled_loss_l=[0.16343, 0.90774, 0.74257, 0.64553, 0.48342, 0.41369]
[RHM] step=66 train_Mpos_l=[0.99846, 0.37049, 0.52891, 0.58388, 0.75052, 0.79968] val_Mpos_l=[0.99844, 0.36907, 0.52910, 0.58251, 0.75170, 0.79912] train_valid_l=[0.50794, 0.52496, 0.40835, 0.24731, 0.17043, 0.10061] val_valid_l=[0.50794, 0.52483, 0.40829, 0.24795, 0.17070, 0.10067]
[VALID] step=66 epoch=0.0645 running=2.872723 train_loss=2.864373 val_loss=2.863953 val_acc=0.204403 log_specnorm=105.700015
[CHECKPOINT] saved /mnt/beegfs/2a/mb12724/franc/small-language-modelling/data/slm_MAMBA_uniform_L6_v1/rhm_mamba_P_65536_seed_rules_1_seed_sample_1_seed_model_1/checkpoints/checkpoint_step_74.pt
[RHM] step=74 train_peeled_loss_l=[0.11895, 0.81943, 0.73518, 0.63956, 0.48125, 0.41129] val_peeled_loss_l=[0.11886, 0.81978, 0.73470, 0.64094, 0.48151, 0.41132]
[RHM] step=74 train_Mpos_l=[0.99921, 0.46744, 0.53951, 0.59149, 0.75348, 0.79931] val_Mpos_l=[0.99922, 0.46702, 0.53934, 0.59049, 0.75406, 0.80012] train_valid_l=[0.50794, 0.52496, 0.40835, 0.24731, 0.17043, 0.10061] val_valid_l=[0.50794, 0.52483, 0.40829, 0.24795, 0.17070, 0.10067]
[VALID] step=74 epoch=0.0723 running=2.819991 train_loss=2.811469 val_loss=2.811669 val_acc=0.221371 log_specnorm=106.561402
[CHECKPOINT] saved /mnt/beegfs/2a/mb12724/franc/small-language-modelling/data/slm_MAMBA_uniform_L6_v1/rhm_mamba_P_65536_seed_rules_1_seed_sample_1_seed_model_1/checkpoints/checkpoint_step_83.pt
[RHM] step=83 train_peeled_loss_l=[0.09655, 0.75110, 0.74506, 0.65025, 0.49261, 0.41715] val_peeled_loss_l=[0.09656, 0.75117, 0.74456, 0.65115, 0.49275, 0.42005]
[RHM] step=83 train_Mpos_l=[0.99887, 0.51369, 0.53828, 0.58926, 0.74880, 0.79768] val_Mpos_l=[0.99892, 0.51274, 0.53801, 0.58901, 0.74983, 0.79507] train_valid_l=[0.50794, 0.52496, 0.40835, 0.24731, 0.17043, 0.10061] val_valid_l=[0.50794, 0.52483, 0.40829, 0.24795, 0.17070, 0.10067]
[VALID] step=83 epoch=0.0811 running=2.782583 train_loss=2.777406 val_loss=2.777007 val_acc=0.233428 log_specnorm=108.396696
[CHECKPOINT] saved /mnt/beegfs/2a/mb12724/franc/small-language-modelling/data/slm_MAMBA_uniform_L6_v1/rhm_mamba_P_65536_seed_rules_1_seed_sample_1_seed_model_1/checkpoints/checkpoint_step_93.pt
[RHM] step=93 train_peeled_loss_l=[0.08113, 0.67402, 0.73205, 0.64500, 0.48916, 0.41488] val_peeled_loss_l=[0.08101, 0.67414, 0.73126, 0.64616, 0.48994, 0.41672]
[RHM] step=93 train_Mpos_l=[0.99871, 0.62574, 0.55051, 0.59694, 0.75321, 0.79948] val_Mpos_l=[0.99882, 0.62630, 0.55033, 0.59562, 0.75342, 0.79865] train_valid_l=[0.50794, 0.52496, 0.40835, 0.24731, 0.17043, 0.10061] val_valid_l=[0.50794, 0.52483, 0.40829, 0.24795, 0.17070, 0.10067]
[VALID] step=93 epoch=0.0908 running=2.734736 train_loss=2.737688 val_loss=2.737838 val_acc=0.243291 log_specnorm=109.083225
[TRAIN] step=100/100000 epoch=0.0977 loss=2.726260 dt=943.78ms
[CHECKPOINT] saved /mnt/beegfs/2a/mb12724/franc/small-language-modelling/data/slm_MAMBA_uniform_L6_v1/rhm_mamba_P_65536_seed_rules_1_seed_sample_1_seed_model_1/checkpoints/checkpoint_step_105.pt
[RHM] step=105 train_peeled_loss_l=[0.06813, 0.58208, 0.73111, 0.64874, 0.49301, 0.41765] val_peeled_loss_l=[0.06813, 0.58129, 0.72990, 0.64952, 0.49275, 0.41960]
[RHM] step=105 train_Mpos_l=[0.99871, 0.70859, 0.56002, 0.60204, 0.75373, 0.80022] val_Mpos_l=[0.99877, 0.70904, 0.55968, 0.60140, 0.75566, 0.79875] train_valid_l=[0.50794, 0.52496, 0.40835, 0.24731, 0.17043, 0.10061] val_valid_l=[0.50794, 0.52483, 0.40829, 0.24795, 0.17070, 0.10067]
[VALID] step=105 epoch=0.1025 running=2.700146 train_loss=2.694494 val_loss=2.695576 val_acc=0.258866 log_specnorm=111.090362
[CHECKPOINT] saved /mnt/beegfs/2a/mb12724/franc/small-language-modelling/data/slm_MAMBA_uniform_L6_v1/rhm_mamba_P_65536_seed_rules_1_seed_sample_1_seed_model_1/checkpoints/checkpoint_step_118.pt
[RHM] step=118 train_peeled_loss_l=[0.05856, 0.51946, 0.72601, 0.64367, 0.49133, 0.41675] val_peeled_loss_l=[0.05843, 0.51975, 0.72559, 0.64479, 0.49085, 0.41690]
[RHM] step=118 train_Mpos_l=[0.99864, 0.75854, 0.56250, 0.60516, 0.75408, 0.80103] val_Mpos_l=[0.99870, 0.75863, 0.56235, 0.60357, 0.75487, 0.79937] train_valid_l=[0.50794, 0.52496, 0.40835, 0.24731, 0.17043, 0.10061] val_valid_l=[0.50794, 0.52483, 0.40829, 0.24795, 0.17070, 0.10067]
[VALID] step=118 epoch=0.1152 running=2.657214 train_loss=2.652111 val_loss=2.652104 val_acc=0.267360 log_specnorm=112.229775
[CHECKPOINT] saved /mnt/beegfs/2a/mb12724/franc/small-language-modelling/data/slm_MAMBA_uniform_L6_v1/rhm_mamba_P_65536_seed_rules_1_seed_sample_1_seed_model_1/checkpoints/checkpoint_step_132.pt
[RHM] step=132 train_peeled_loss_l=[0.05010, 0.45525, 0.72277, 0.64428, 0.49204, 0.41711] val_peeled_loss_l=[0.05006, 0.45559, 0.72127, 0.64500, 0.49207, 0.41852]
[RHM] step=132 train_Mpos_l=[0.99893, 0.81039, 0.56880, 0.60706, 0.75430, 0.80220] val_Mpos_l=[0.99898, 0.81000, 0.56939, 0.60560, 0.75540, 0.80069] train_valid_l=[0.50794, 0.52496, 0.40835, 0.24731, 0.17043, 0.10061] val_valid_l=[0.50794, 0.52483, 0.40829, 0.24795, 0.17070, 0.10067]
[VALID] step=132 epoch=0.1289 running=2.606744 train_loss=2.610371 val_loss=2.611270 val_acc=0.276042 log_specnorm=114.433233
[CHECKPOINT] saved /mnt/beegfs/2a/mb12724/franc/small-language-modelling/data/slm_MAMBA_uniform_L6_v1/rhm_mamba_P_65536_seed_rules_1_seed_sample_1_seed_model_1/checkpoints/checkpoint_step_148.pt
[RHM] step=148 train_peeled_loss_l=[0.04246, 0.34685, 0.71055, 0.63785, 0.48624, 0.41327] val_peeled_loss_l=[0.04230, 0.34711, 0.70860, 0.63908, 0.48598, 0.41510]
[RHM] step=148 train_Mpos_l=[0.99884, 0.88107, 0.57813, 0.61056, 0.75755, 0.80334] val_Mpos_l=[0.99887, 0.88136, 0.57965, 0.60881, 0.75912, 0.80184] train_valid_l=[0.50794, 0.52496, 0.40835, 0.24731, 0.17043, 0.10061] val_valid_l=[0.50794, 0.52483, 0.40829, 0.24795, 0.17070, 0.10067]
[VALID] step=148 epoch=0.1445 running=2.536589 train_loss=2.541380 val_loss=2.540573 val_acc=0.287492 log_specnorm=116.419819
[CHECKPOINT] saved /mnt/beegfs/2a/mb12724/franc/small-language-modelling/data/slm_MAMBA_uniform_L6_v1/rhm_mamba_P_65536_seed_rules_1_seed_sample_1_seed_model_1/checkpoints/checkpoint_step_167.pt
[RHM] step=167 train_peeled_loss_l=[0.04155, 0.21994, 0.69417, 0.62711, 0.47993, 0.40738] val_peeled_loss_l=[0.04172, 0.21904, 0.69326, 0.62844, 0.47947, 0.40944]
[RHM] step=167 train_Mpos_l=[0.99866, 0.95212, 0.59077, 0.61322, 0.76072, 0.80730] val_Mpos_l=[0.99853, 0.95296, 0.59063, 0.61260, 0.76152, 0.80670] train_valid_l=[0.50794, 0.52496, 0.40835, 0.24731, 0.17043, 0.10061] val_valid_l=[0.50794, 0.52483, 0.40829, 0.24795, 0.17070, 0.10067]
[VALID] step=167 epoch=0.1631 running=2.432348 train_loss=2.445055 val_loss=2.444495 val_acc=0.299185 log_specnorm=119.283631
[CHECKPOINT] saved /mnt/beegfs/2a/mb12724/franc/small-language-modelling/data/slm_MAMBA_uniform_L6_v1/rhm_mamba_P_65536_seed_rules_1_seed_sample_1_seed_model_1/checkpoints/checkpoint_step_187.pt
[RHM] step=187 train_peeled_loss_l=[0.03563, 0.13713, 0.68293, 0.62244, 0.47353, 0.40355] val_peeled_loss_l=[0.03571, 0.13711, 0.68310, 0.62316, 0.47417, 0.40429]
[RHM] step=187 train_Mpos_l=[0.99858, 0.98318, 0.59472, 0.61891, 0.76244, 0.81143] val_Mpos_l=[0.99857, 0.98322, 0.59450, 0.61740, 0.76275, 0.81126] train_valid_l=[0.50794, 0.52496, 0.40835, 0.24731, 0.17043, 0.10061] val_valid_l=[0.50794, 0.52483, 0.40829, 0.24795, 0.17070, 0.10067]
[VALID] step=187 epoch=0.1826 running=2.389421 train_loss=2.381776 val_loss=2.380935 val_acc=0.306642 log_specnorm=121.453530
[TRAIN] step=200/100000 epoch=0.1953 loss=2.373139 dt=943.64ms
[CHECKPOINT] saved /mnt/beegfs/2a/mb12724/franc/small-language-modelling/data/slm_MAMBA_uniform_L6_v1/rhm_mamba_P_65536_seed_rules_1_seed_sample_1_seed_model_1/checkpoints/checkpoint_step_210.pt
[RHM] step=210 train_peeled_loss_l=[0.02819, 0.10027, 0.67925, 0.62298, 0.46980, 0.40172] val_peeled_loss_l=[0.02844, 0.10060, 0.67854, 0.62303, 0.47040, 0.40203]
[RHM] step=210 train_Mpos_l=[0.99871, 0.99182, 0.58780, 0.61068, 0.76311, 0.81136] val_Mpos_l=[0.99864, 0.99172, 0.58870, 0.61038, 0.76327, 0.81257] train_valid_l=[0.50794, 0.52496, 0.40835, 0.24731, 0.17043, 0.10061] val_valid_l=[0.50794, 0.52483, 0.40829, 0.24795, 0.17070, 0.10067]
[VALID] step=210 epoch=0.2051 running=2.345150 train_loss=2.344829 val_loss=2.343769 val_acc=0.308792 log_specnorm=123.085400
[CHECKPOINT] saved /mnt/beegfs/2a/mb12724/franc/small-language-modelling/data/slm_MAMBA_uniform_L6_v1/rhm_mamba_P_65536_seed_rules_1_seed_sample_1_seed_model_1/checkpoints/checkpoint_step_236.pt
[RHM] step=236 train_peeled_loss_l=[0.02321, 0.07734, 0.67574, 0.61684, 0.46885, 0.40062] val_peeled_loss_l=[0.02320, 0.07731, 0.67586, 0.61736, 0.46807, 0.39984]
[RHM] step=236 train_Mpos_l=[0.99931, 0.99496, 0.58869, 0.61473, 0.76055, 0.81218] val_Mpos_l=[0.99934, 0.99494, 0.58814, 0.61352, 0.76474, 0.81340] train_valid_l=[0.50794, 0.52496, 0.40835, 0.24731, 0.17043, 0.10061] val_valid_l=[0.50794, 0.52483, 0.40829, 0.24795, 0.17070, 0.10067]
[VALID] step=236 epoch=0.2305 running=2.325926 train_loss=2.318430 val_loss=2.317895 val_acc=0.309887 log_specnorm=124.518209
[CHECKPOINT] saved /mnt/beegfs/2a/mb12724/franc/small-language-modelling/data/slm_MAMBA_uniform_L6_v1/rhm_mamba_P_65536_seed_rules_1_seed_sample_1_seed_model_1/checkpoints/checkpoint_step_266.pt
[RHM] step=266 train_peeled_loss_l=[0.01833, 0.05849, 0.66382, 0.61068, 0.46121, 0.39598] val_peeled_loss_l=[0.01840, 0.05861, 0.66231, 0.61174, 0.46179, 0.39566]
[RHM] step=266 train_Mpos_l=[0.99945, 0.99795, 0.59604, 0.61977, 0.76522, 0.81404] val_Mpos_l=[0.99943, 0.99794, 0.59705, 0.61846, 0.76609, 0.81526] train_valid_l=[0.50794, 0.52496, 0.40835, 0.24731, 0.17043, 0.10061] val_valid_l=[0.50794, 0.52483, 0.40829, 0.24795, 0.17070, 0.10067]
[VALID] step=266 epoch=0.2598 running=2.307162 train_loss=2.292935 val_loss=2.292307 val_acc=0.315185 log_specnorm=125.506971
[CHECKPOINT] saved /mnt/beegfs/2a/mb12724/franc/small-language-modelling/data/slm_MAMBA_uniform_L6_v1/rhm_mamba_P_65536_seed_rules_1_seed_sample_1_seed_model_1/checkpoints/checkpoint_step_298.pt
[RHM] step=298 train_peeled_loss_l=[0.01615, 0.04782, 0.66512, 0.61207, 0.46132, 0.39594] val_peeled_loss_l=[0.01607, 0.04768, 0.66441, 0.61220, 0.46217, 0.39748]
[RHM] step=298 train_Mpos_l=[0.99942, 0.99849, 0.59624, 0.61596, 0.76712, 0.81477] val_Mpos_l=[0.99951, 0.99857, 0.59691, 0.61505, 0.76874, 0.81583] train_valid_l=[0.50794, 0.52496, 0.40835, 0.24731, 0.17043, 0.10061] val_valid_l=[0.50794, 0.52483, 0.40829, 0.24795, 0.17070, 0.10067]
[VALID] step=298 epoch=0.2910 running=2.277506 train_loss=2.281987 val_loss=2.282426 val_acc=0.315302 log_specnorm=126.483445
[TRAIN] step=300/100000 epoch=0.2930 loss=2.288558 dt=943.83ms
[CHECKPOINT] saved /mnt/beegfs/2a/mb12724/franc/small-language-modelling/data/slm_MAMBA_uniform_L6_v1/rhm_mamba_P_65536_seed_rules_1_seed_sample_1_seed_model_1/checkpoints/checkpoint_step_335.pt
[RHM] step=335 train_peeled_loss_l=[0.01508, 0.04020, 0.66250, 0.61186, 0.46215, 0.39644] val_peeled_loss_l=[0.01508, 0.04043, 0.66238, 0.61244, 0.46242, 0.39710]
[RHM] step=335 train_Mpos_l=[0.99933, 0.99827, 0.59510, 0.61574, 0.76541, 0.81388] val_Mpos_l=[0.99939, 0.99805, 0.59538, 0.61409, 0.76594, 0.81401] train_valid_l=[0.50794, 0.52496, 0.40835, 0.24731, 0.17043, 0.10061] val_valid_l=[0.50794, 0.52483, 0.40829, 0.24795, 0.17070, 0.10067]
[VALID] step=335 epoch=0.3271 running=2.279777 train_loss=2.272519 val_loss=2.271914 val_acc=0.315472 log_specnorm=127.487983
[CHECKPOINT] saved /mnt/beegfs/2a/mb12724/franc/small-language-modelling/data/slm_MAMBA_uniform_L6_v1/rhm_mamba_P_65536_seed_rules_1_seed_sample_1_seed_model_1/checkpoints/checkpoint_step_376.pt
[RHM] step=376 train_peeled_loss_l=[0.01171, 0.03359, 0.65333, 0.60712, 0.46091, 0.39383] val_peeled_loss_l=[0.01173, 0.03355, 0.65328, 0.60744, 0.46109, 0.39402]
[RHM] step=376 train_Mpos_l=[0.99981, 0.99945, 0.59819, 0.61933, 0.76474, 0.81653] val_Mpos_l=[0.99980, 0.99945, 0.59813, 0.61858, 0.76660, 0.81738] train_valid_l=[0.50794, 0.52496, 0.40835, 0.24731, 0.17043, 0.10061] val_valid_l=[0.50794, 0.52483, 0.40829, 0.24795, 0.17070, 0.10067]
[VALID] step=376 epoch=0.3672 running=2.257189 train_loss=2.260049 val_loss=2.259962 val_acc=0.315835 log_specnorm=127.946156
[TRAIN] step=400/100000 epoch=0.3906 loss=2.250619 dt=943.60ms
[CHECKPOINT] saved /mnt/beegfs/2a/mb12724/franc/small-language-modelling/data/slm_MAMBA_uniform_L6_v1/rhm_mamba_P_65536_seed_rules_1_seed_sample_1_seed_model_1/checkpoints/checkpoint_step_423.pt
[RHM] step=423 train_peeled_loss_l=[0.01046, 0.02948, 0.64047, 0.60707, 0.45969, 0.39347] val_peeled_loss_l=[0.01057, 0.02956, 0.64077, 0.60823, 0.45934, 0.39328]
[RHM] step=423 train_Mpos_l=[0.99974, 0.99961, 0.60571, 0.61419, 0.76609, 0.81436] val_Mpos_l=[0.99967, 0.99956, 0.60626, 0.61316, 0.76778, 0.81546] train_valid_l=[0.50794, 0.52496, 0.40835, 0.24731, 0.17043, 0.10061] val_valid_l=[0.50794, 0.52483, 0.40829, 0.24795, 0.17070, 0.10067]
[VALID] step=423 epoch=0.4131 running=2.250154 train_loss=2.246648 val_loss=2.246842 val_acc=0.319102 log_specnorm=128.741180
[CHECKPOINT] saved /mnt/beegfs/2a/mb12724/franc/small-language-modelling/data/slm_MAMBA_uniform_L6_v1/rhm_mamba_P_65536_seed_rules_1_seed_sample_1_seed_model_1/checkpoints/checkpoint_step_475.pt
[RHM] step=475 train_peeled_loss_l=[0.00986, 0.02494, 0.61967, 0.60179, 0.45569, 0.38992] val_peeled_loss_l=[0.00978, 0.02496, 0.62049, 0.60365, 0.45615, 0.39066]
[RHM] step=475 train_Mpos_l=[0.99969, 0.99960, 0.62119, 0.62244, 0.76989, 0.81841] val_Mpos_l=[0.99972, 0.99957, 0.62090, 0.62060, 0.77081, 0.81719] train_valid_l=[0.50794, 0.52496, 0.40835, 0.24731, 0.17043, 0.10061] val_valid_l=[0.50794, 0.52483, 0.40829, 0.24795, 0.17070, 0.10067]
[VALID] step=475 epoch=0.4639 running=2.243352 train_loss=2.236781 val_loss=2.237308 val_acc=0.323344 log_specnorm=129.428733
[TRAIN] step=500/100000 epoch=0.4883 loss=2.231620 dt=943.80ms
[CHECKPOINT] saved /mnt/beegfs/2a/mb12724/franc/small-language-modelling/data/slm_MAMBA_uniform_L6_v1/rhm_mamba_P_65536_seed_rules_1_seed_sample_1_seed_model_1/checkpoints/checkpoint_step_534.pt
[RHM] step=534 train_peeled_loss_l=[0.00876, 0.02283, 0.59736, 0.60747, 0.45840, 0.39356] val_peeled_loss_l=[0.00875, 0.02267, 0.59711, 0.60807, 0.45808, 0.39374]
[RHM] step=534 train_Mpos_l=[0.99974, 0.99953, 0.64002, 0.61499, 0.76630, 0.81566] val_Mpos_l=[0.99973, 0.99961, 0.63962, 0.61310, 0.76800, 0.81591] train_valid_l=[0.50794, 0.52496, 0.40835, 0.24731, 0.17043, 0.10061] val_valid_l=[0.50794, 0.52483, 0.40829, 0.24795, 0.17070, 0.10067]
[VALID] step=534 epoch=0.5215 running=2.223942 train_loss=2.228175 val_loss=2.229371 val_acc=0.324572 log_specnorm=130.136534
[CHECKPOINT] saved /mnt/beegfs/2a/mb12724/franc/small-language-modelling/data/slm_MAMBA_uniform_L6_v1/rhm_mamba_P_65536_seed_rules_1_seed_sample_1_seed_model_1/checkpoints/checkpoint_step_599.pt
[RHM] step=599 train_peeled_loss_l=[0.00802, 0.02189, 0.56289, 0.60786, 0.46103, 0.39565] val_peeled_loss_l=[0.00800, 0.02178, 0.56275, 0.60879, 0.46086, 0.39642]
[RHM] step=599 train_Mpos_l=[0.99980, 0.99938, 0.67337, 0.61855, 0.76804, 0.81460] val_Mpos_l=[0.99981, 0.99945, 0.67475, 0.61684, 0.76953, 0.81492] train_valid_l=[0.50794, 0.52496, 0.40835, 0.24731, 0.17043, 0.10061] val_valid_l=[0.50794, 0.52483, 0.40829, 0.24795, 0.17070, 0.10067]
[VALID] step=599 epoch=0.5850 running=2.207762 train_loss=2.216536 val_loss=2.217623 val_acc=0.330130 log_specnorm=130.934283
[TRAIN] step=600/100000 epoch=0.5859 loss=2.218955 dt=955.19ms
[CHECKPOINT] saved /mnt/beegfs/2a/mb12724/franc/small-language-modelling/data/slm_MAMBA_uniform_L6_v1/rhm_mamba_P_65536_seed_rules_1_seed_sample_1_seed_model_1/checkpoints/checkpoint_step_673.pt
[RHM] step=673 train_peeled_loss_l=[0.00746, 0.02026, 0.51733, 0.60361, 0.45835, 0.39407] val_peeled_loss_l=[0.00741, 0.02014, 0.51802, 0.60472, 0.45865, 0.39520]
[RHM] step=673 train_Mpos_l=[0.99976, 0.99920, 0.70787, 0.62148, 0.76889, 0.81500] val_Mpos_l=[0.99977, 0.99926, 0.70813, 0.62061, 0.77094, 0.81591] train_valid_l=[0.50794, 0.52496, 0.40835, 0.24731, 0.17043, 0.10061] val_valid_l=[0.50794, 0.52483, 0.40829, 0.24795, 0.17070, 0.10067]
[VALID] step=673 epoch=0.6572 running=2.201104 train_loss=2.198520 val_loss=2.199242 val_acc=0.334391 log_specnorm=132.102116
[TRAIN] step=700/100000 epoch=0.6836 loss=2.192116 dt=943.82ms
[CHECKPOINT] saved /mnt/beegfs/2a/mb12724/franc/small-language-modelling/data/slm_MAMBA_uniform_L6_v1/rhm_mamba_P_65536_seed_rules_1_seed_sample_1_seed_model_1/checkpoints/checkpoint_step_756.pt
[RHM] step=756 train_peeled_loss_l=[0.00775, 0.02043, 0.45571, 0.60190, 0.45938, 0.39771] val_peeled_loss_l=[0.00757, 0.02026, 0.45675, 0.60304, 0.46014, 0.39812]
[RHM] step=756 train_Mpos_l=[0.99950, 0.99883, 0.76163, 0.62542, 0.77010, 0.81573] val_Mpos_l=[0.99959, 0.99888, 0.76005, 0.62443, 0.77073, 0.81457] train_valid_l=[0.50794, 0.52496, 0.40835, 0.24731, 0.17043, 0.10061] val_valid_l=[0.50794, 0.52483, 0.40829, 0.24795, 0.17070, 0.10067]
[VALID] step=756 epoch=0.7383 running=2.182710 train_loss=2.175818 val_loss=2.176110 val_acc=0.340867 log_specnorm=133.423458
[TRAIN] step=800/100000 epoch=0.7812 loss=2.174566 dt=947.27ms
[CHECKPOINT] saved /mnt/beegfs/2a/mb12724/franc/small-language-modelling/data/slm_MAMBA_uniform_L6_v1/rhm_mamba_P_65536_seed_rules_1_seed_sample_1_seed_model_1/checkpoints/checkpoint_step_850.pt
[RHM] step=850 train_peeled_loss_l=[0.00682, 0.01765, 0.39266, 0.60144, 0.45871, 0.39814] val_peeled_loss_l=[0.00680, 0.01755, 0.39345, 0.60339, 0.46014, 0.39802]
[RHM] step=850 train_Mpos_l=[0.99977, 0.99929, 0.81564, 0.63027, 0.77203, 0.81505] val_Mpos_l=[0.99978, 0.99935, 0.81547, 0.62826, 0.77236, 0.81587] train_valid_l=[0.50794, 0.52496, 0.40835, 0.24731, 0.17043, 0.10061] val_valid_l=[0.50794, 0.52483, 0.40829, 0.24795, 0.17070, 0.10067]
[VALID] step=850 epoch=0.8301 running=2.153071 train_loss=2.150473 val_loss=2.150253 val_acc=0.348258 log_specnorm=135.028917
[TRAIN] step=900/100000 epoch=0.8789 loss=2.135179 dt=943.96ms
[CHECKPOINT] saved /mnt/beegfs/2a/mb12724/franc/small-language-modelling/data/slm_MAMBA_uniform_L6_v1/rhm_mamba_P_65536_seed_rules_1_seed_sample_1_seed_model_1/checkpoints/checkpoint_step_955.pt
[RHM] step=955 train_peeled_loss_l=[0.00659, 0.01613, 0.34187, 0.60160, 0.46193, 0.40105] val_peeled_loss_l=[0.00655, 0.01617, 0.34256, 0.60369, 0.46230, 0.40212]
[RHM] step=955 train_Mpos_l=[0.99966, 0.99930, 0.85461, 0.62673, 0.77054, 0.81275] val_Mpos_l=[0.99965, 0.99930, 0.85415, 0.62660, 0.77188, 0.81416] train_valid_l=[0.50794, 0.52496, 0.40835, 0.24731, 0.17043, 0.10061] val_valid_l=[0.50794, 0.52483, 0.40829, 0.24795, 0.17070, 0.10067]
[VALID] step=955 epoch=0.9326 running=2.142862 train_loss=2.127620 val_loss=2.128118 val_acc=0.353576 log_specnorm=136.457574
[TRAIN] step=1000/100000 epoch=0.9766 loss=2.116959 dt=943.74ms
[CHECKPOINT] saved /mnt/beegfs/2a/mb12724/franc/small-language-modelling/data/slm_MAMBA_uniform_L6_v1/rhm_mamba_P_65536_seed_rules_1_seed_sample_1_seed_model_1/checkpoints/checkpoint_step_1072.pt
[RHM] step=1072 train_peeled_loss_l=[0.00585, 0.01534, 0.28993, 0.59202, 0.45566, 0.39842] val_peeled_loss_l=[0.00579, 0.01550, 0.29088, 0.59348, 0.45734, 0.39746]
[RHM] step=1072 train_Mpos_l=[0.99976, 0.99927, 0.89221, 0.63892, 0.77481, 0.81631] val_Mpos_l=[0.99981, 0.99913, 0.89199, 0.63783, 0.77494, 0.81831] train_valid_l=[0.50794, 0.52496, 0.40835, 0.24731, 0.17043, 0.10061] val_valid_l=[0.50794, 0.52483, 0.40829, 0.24795, 0.17070, 0.10067]
[VALID] step=1072 epoch=1.0469 running=2.112382 train_loss=2.104313 val_loss=2.105121 val_acc=0.359535 log_specnorm=137.994659
[TRAIN] step=1100/100000 epoch=1.0742 loss=2.104324 dt=943.64ms
[TRAIN] step=1200/100000 epoch=1.1719 loss=2.078258 dt=943.80ms
[CHECKPOINT] saved /mnt/beegfs/2a/mb12724/franc/small-language-modelling/data/slm_MAMBA_uniform_L6_v1/rhm_mamba_P_65536_seed_rules_1_seed_sample_1_seed_model_1/checkpoints/checkpoint_step_1205.pt
[RHM] step=1205 train_peeled_loss_l=[0.00584, 0.01509, 0.23401, 0.58391, 0.45131, 0.39209] val_peeled_loss_l=[0.00578, 0.01490, 0.23449, 0.58394, 0.45299, 0.39255]
[RHM] step=1205 train_Mpos_l=[0.99963, 0.99916, 0.92411, 0.64752, 0.77638, 0.82030] val_Mpos_l=[0.99969, 0.99917, 0.92433, 0.64698, 0.77681, 0.82116] train_valid_l=[0.50794, 0.52496, 0.40835, 0.24731, 0.17043, 0.10061] val_valid_l=[0.50794, 0.52483, 0.40829, 0.24795, 0.17070, 0.10067]
[VALID] step=1205 epoch=1.1768 running=2.073147 train_loss=2.072442 val_loss=2.072645 val_acc=0.364910 log_specnorm=140.019307
[TRAIN] step=1300/100000 epoch=1.2695 loss=2.029559 dt=943.75ms
[CHECKPOINT] saved /mnt/beegfs/2a/mb12724/franc/small-language-modelling/data/slm_MAMBA_uniform_L6_v1/rhm_mamba_P_65536_seed_rules_1_seed_sample_1_seed_model_1/checkpoints/checkpoint_step_1353.pt
[RHM] step=1353 train_peeled_loss_l=[0.00584, 0.01665, 0.14447, 0.57744, 0.44351, 0.38622] val_peeled_loss_l=[0.00587, 0.01659, 0.14501, 0.57873, 0.44471, 0.38649]
[RHM] step=1353 train_Mpos_l=[0.99972, 0.99905, 0.96557, 0.66098, 0.78221, 0.82430] val_Mpos_l=[0.99968, 0.99910, 0.96599, 0.66042, 0.78209, 0.82469] train_valid_l=[0.50794, 0.52496, 0.40835, 0.24731, 0.17043, 0.10061] val_valid_l=[0.50794, 0.52483, 0.40829, 0.24795, 0.17070, 0.10067]
[VALID] step=1353 epoch=1.3213 running=2.031488 train_loss=2.029472 val_loss=2.029499 val_acc=0.371235 log_specnorm=142.483571
[TRAIN] step=1400/100000 epoch=1.3672 loss=2.006374 dt=943.88ms
[TRAIN] step=1500/100000 epoch=1.4648 loss=2.000885 dt=943.75ms
[CHECKPOINT] saved /mnt/beegfs/2a/mb12724/franc/small-language-modelling/data/slm_MAMBA_uniform_L6_v1/rhm_mamba_P_65536_seed_rules_1_seed_sample_1_seed_model_1/checkpoints/checkpoint_step_1520.pt
[RHM] step=1520 train_peeled_loss_l=[0.00571, 0.01466, 0.08775, 0.55987, 0.43247, 0.37764] val_peeled_loss_l=[0.00547, 0.01448, 0.08770, 0.56104, 0.43266, 0.37799]
[RHM] step=1520 train_Mpos_l=[0.99958, 0.99917, 0.98640, 0.68220, 0.78819, 0.82965] val_Mpos_l=[0.99962, 0.99926, 0.98598, 0.68197, 0.78846, 0.82864] train_valid_l=[0.50794, 0.52496, 0.40835, 0.24731, 0.17043, 0.10061] val_valid_l=[0.50794, 0.52483, 0.40829, 0.24795, 0.17070, 0.10067]
[VALID] step=1520 epoch=1.4844 running=1.997109 train_loss=1.993700 val_loss=1.992851 val_acc=0.376515 log_specnorm=144.765669
[TRAIN] step=1600/100000 epoch=1.5625 loss=1.971172 dt=943.78ms
[TRAIN] step=1700/100000 epoch=1.6602 loss=1.970115 dt=943.67ms
[CHECKPOINT] saved /mnt/beegfs/2a/mb12724/franc/small-language-modelling/data/slm_MAMBA_uniform_L6_v1/rhm_mamba_P_65536_seed_rules_1_seed_sample_1_seed_model_1/checkpoints/checkpoint_step_1707.pt
[RHM] step=1707 train_peeled_loss_l=[0.00443, 0.01111, 0.05872, 0.55314, 0.42694, 0.37314] val_peeled_loss_l=[0.00446, 0.01107, 0.05866, 0.55409, 0.42721, 0.37295]
[RHM] step=1707 train_Mpos_l=[0.99979, 0.99956, 0.99510, 0.69036, 0.79017, 0.83241] val_Mpos_l=[0.99978, 0.99953, 0.99521, 0.68901, 0.79073, 0.83250] train_valid_l=[0.50794, 0.52496, 0.40835, 0.24731, 0.17043, 0.10061] val_valid_l=[0.50794, 0.52483, 0.40829, 0.24795, 0.17070, 0.10067]
[VALID] step=1707 epoch=1.6670 running=1.973838 train_loss=1.969899 val_loss=1.970512 val_acc=0.378663 log_specnorm=146.395487
[TRAIN] step=1800/100000 epoch=1.7578 loss=1.954554 dt=943.80ms
[TRAIN] step=1900/100000 epoch=1.8555 loss=1.972885 dt=946.63ms
[CHECKPOINT] saved /mnt/beegfs/2a/mb12724/franc/small-language-modelling/data/slm_MAMBA_uniform_L6_v1/rhm_mamba_P_65536_seed_rules_1_seed_sample_1_seed_model_1/checkpoints/checkpoint_step_1918.pt
[RHM] step=1918 train_peeled_loss_l=[0.00427, 0.00981, 0.04576, 0.54959, 0.42488, 0.37059] val_peeled_loss_l=[0.00426, 0.01009, 0.04561, 0.55085, 0.42537, 0.36971]
[RHM] step=1918 train_Mpos_l=[0.99980, 0.99959, 0.99704, 0.69228, 0.79225, 0.83391] val_Mpos_l=[0.99983, 0.99951, 0.99731, 0.69103, 0.79288, 0.83526] train_valid_l=[0.50794, 0.52496, 0.40835, 0.24731, 0.17043, 0.10061] val_valid_l=[0.50794, 0.52483, 0.40829, 0.24795, 0.17070, 0.10067]
[VALID] step=1918 epoch=1.8730 running=1.971022 train_loss=1.959012 val_loss=1.958717 val_acc=0.380455 log_specnorm=148.083782
[TRAIN] step=2000/100000 epoch=1.9531 loss=1.961280 dt=943.91ms
[TRAIN] step=2100/100000 epoch=2.0508 loss=1.946610 dt=943.59ms
[CHECKPOINT] saved /mnt/beegfs/2a/mb12724/franc/small-language-modelling/data/slm_MAMBA_uniform_L6_v1/rhm_mamba_P_65536_seed_rules_1_seed_sample_1_seed_model_1/checkpoints/checkpoint_step_2154.pt
[RHM] step=2154 train_peeled_loss_l=[0.00375, 0.00855, 0.03599, 0.54862, 0.42297, 0.37003] val_peeled_loss_l=[0.00379, 0.00862, 0.03593, 0.54954, 0.42266, 0.37016]
[RHM] step=2154 train_Mpos_l=[0.99985, 0.99974, 0.99836, 0.68700, 0.79235, 0.83367] val_Mpos_l=[0.99984, 0.99969, 0.99842, 0.68586, 0.79341, 0.83533] train_valid_l=[0.50794, 0.52496, 0.40835, 0.24731, 0.17043, 0.10061] val_valid_l=[0.50794, 0.52483, 0.40829, 0.24795, 0.17070, 0.10067]
[VALID] step=2154 epoch=2.1035 running=1.955354 train_loss=1.948737 val_loss=1.949304 val_acc=0.380112 log_specnorm=149.613906
[TRAIN] step=2200/100000 epoch=2.1484 loss=1.937589 dt=943.76ms
[TRAIN] step=2300/100000 epoch=2.2461 loss=1.941847 dt=943.54ms
[TRAIN] step=2400/100000 epoch=2.3438 loss=1.942837 dt=943.81ms
[CHECKPOINT] saved /mnt/beegfs/2a/mb12724/franc/small-language-modelling/data/slm_MAMBA_uniform_L6_v1/rhm_mamba_P_65536_seed_rules_1_seed_sample_1_seed_model_1/checkpoints/checkpoint_step_2420.pt
[RHM] step=2420 train_peeled_loss_l=[0.00486, 0.00799, 0.03084, 0.53858, 0.42082, 0.36733] val_peeled_loss_l=[0.00490, 0.00790, 0.03107, 0.53925, 0.42154, 0.36791]
[RHM] step=2420 train_Mpos_l=[0.99945, 0.99963, 0.99852, 0.69977, 0.79351, 0.83659] val_Mpos_l=[0.99944, 0.99964, 0.99849, 0.69811, 0.79457, 0.83684] train_valid_l=[0.50794, 0.52496, 0.40835, 0.24731, 0.17043, 0.10061] val_valid_l=[0.50794, 0.52483, 0.40829, 0.24795, 0.17070, 0.10067]
[VALID] step=2420 epoch=2.3633 running=1.937562 train_loss=1.941360 val_loss=1.940763 val_acc=0.381290 log_specnorm=151.213375
[TRAIN] step=2500/100000 epoch=2.4414 loss=1.938023 dt=943.72ms
[TRAIN] step=2600/100000 epoch=2.5391 loss=1.939271 dt=943.84ms
[TRAIN] step=2700/100000 epoch=2.6367 loss=1.942841 dt=943.79ms
[CHECKPOINT] saved /mnt/beegfs/2a/mb12724/franc/small-language-modelling/data/slm_MAMBA_uniform_L6_v1/rhm_mamba_P_65536_seed_rules_1_seed_sample_1_seed_model_1/checkpoints/checkpoint_step_2719.pt
